Archive member included to satisfy reference by file (symbol)

/usr/lib/gcc/arm-none-eabi/14.2.0/../../../../arm-none-eabi/lib/thumb/nofp/libc.a(libc_a-atexit.o)
                              /usr/lib/gcc/arm-none-eabi/14.2.0/../../../../arm-none-eabi/lib/thumb/nofp/crt0.o (atexit)
/usr/lib/gcc/arm-none-eabi/14.2.0/../../../../arm-none-eabi/lib/thumb/nofp/libc.a(libc_a-exit.o)
                              /usr/lib/gcc/arm-none-eabi/14.2.0/../../../../arm-none-eabi/lib/thumb/nofp/crt0.o (exit)
/usr/lib/gcc/arm-none-eabi/14.2.0/../../../../arm-none-eabi/lib/thumb/nofp/libc.a(libc_a-findfp.o)
                              /usr/lib/gcc/arm-none-eabi/14.2.0/../../../../arm-none-eabi/lib/thumb/nofp/libc.a(libc_a-exit.o) (__stdio_exit_handler)
/usr/lib/gcc/arm-none-eabi/14.2.0/../../../../arm-none-eabi/lib/thumb/nofp/libc.a(libc_a-fwalk.o)
                              /usr/lib/gcc/arm-none-eabi/14.2.0/../../../../arm-none-eabi/lib/thumb/nofp/libc.a(libc_a-findfp.o) (_fwalk_sglue)
/usr/lib/gcc/arm-none-eabi/14.2.0/../../../../arm-none-eabi/lib/thumb/nofp/libc.a(libc_a-stdio.o)
                              /usr/lib/gcc/arm-none-eabi/14.2.0/../../../../arm-none-eabi/lib/thumb/nofp/libc.a(libc_a-findfp.o) (__sread)
/usr/lib/gcc/arm-none-eabi/14.2.0/../../../../arm-none-eabi/lib/thumb/nofp/libc.a(libc_a-memset.o)
                              /usr/lib/gcc/arm-none-eabi/14.2.0/../../../../arm-none-eabi/lib/thumb/nofp/crt0.o (memset)
/usr/lib/gcc/arm-none-eabi/14.2.0/../../../../arm-none-eabi/lib/thumb/nofp/libc.a(libc_a-closer.o)
                              /usr/lib/gcc/arm-none-eabi/14.2.0/../../../../arm-none-eabi/lib/thumb/nofp/libc.a(libc_a-stdio.o) (_close_r)
/usr/lib/gcc/arm-none-eabi/14.2.0/../../../../arm-none-eabi/lib/thumb/nofp/libc.a(libc_a-reent.o)
                              /usr/lib/gcc/arm-none-eabi/14.2.0/../../../../arm-none-eabi/lib/thumb/nofp/libc.a(libc_a-closer.o) (errno)
/usr/lib/gcc/arm-none-eabi/14.2.0/../../../../arm-none-eabi/lib/thumb/nofp/libc.a(libc_a-impure.o)
                              /usr/lib/gcc/arm-none-eabi/14.2.0/../../../../arm-none-eabi/lib/thumb/nofp/libc.a(libc_a-reent.o) (_impure_ptr)
/usr/lib/gcc/arm-none-eabi/14.2.0/../../../../arm-none-eabi/lib/thumb/nofp/libc.a(libc_a-lseekr.o)
                              /usr/lib/gcc/arm-none-eabi/14.2.0/../../../../arm-none-eabi/lib/thumb/nofp/libc.a(libc_a-stdio.o) (_lseek_r)
/usr/lib/gcc/arm-none-eabi/14.2.0/../../../../arm-none-eabi/lib/thumb/nofp/libc.a(libc_a-readr.o)
                              /usr/lib/gcc/arm-none-eabi/14.2.0/../../../../arm-none-eabi/lib/thumb/nofp/libc.a(libc_a-stdio.o) (_read_r)
/usr/lib/gcc/arm-none-eabi/14.2.0/../../../../arm-none-eabi/lib/thumb/nofp/libc.a(libc_a-writer.o)
                              /usr/lib/gcc/arm-none-eabi/14.2.0/../../../../arm-none-eabi/lib/thumb/nofp/libc.a(libc_a-stdio.o) (_write_r)
/usr/lib/gcc/arm-none-eabi/14.2.0/../../../../arm-none-eabi/lib/thumb/nofp/libc.a(libc_a-init.o)
                              /usr/lib/gcc/arm-none-eabi/14.2.0/../../../../arm-none-eabi/lib/thumb/nofp/crt0.o (__libc_init_array)
/usr/lib/gcc/arm-none-eabi/14.2.0/../../../../arm-none-eabi/lib/thumb/nofp/libc.a(libc_a-fini.o)
                              /usr/lib/gcc/arm-none-eabi/14.2.0/../../../../arm-none-eabi/lib/thumb/nofp/crt0.o (__libc_fini_array)
/usr/lib/gcc/arm-none-eabi/14.2.0/../../../../arm-none-eabi/lib/thumb/nofp/libc.a(libc_a-lock.o)
                              /usr/lib/gcc/arm-none-eabi/14.2.0/../../../../arm-none-eabi/lib/thumb/nofp/libc.a(libc_a-findfp.o) (__retarget_lock_init_recursive)
/usr/lib/gcc/arm-none-eabi/14.2.0/../../../../arm-none-eabi/lib/thumb/nofp/libc.a(libc_a-__atexit.o)
                              /usr/lib/gcc/arm-none-eabi/14.2.0/../../../../arm-none-eabi/lib/thumb/nofp/libc.a(libc_a-atexit.o) (__register_exitproc)
/usr/lib/gcc/arm-none-eabi/14.2.0/../../../../arm-none-eabi/lib/thumb/nofp/libc.a(libc_a-__call_atexit.o)
                              /usr/lib/gcc/arm-none-eabi/14.2.0/../../../../arm-none-eabi/lib/thumb/nofp/libc.a(libc_a-exit.o) (__call_exitprocs)
/usr/lib/gcc/arm-none-eabi/14.2.0/../../../../arm-none-eabi/lib/thumb/nofp/libc.a(libc_a-freer.o)
                              /usr/lib/gcc/arm-none-eabi/14.2.0/../../../../arm-none-eabi/lib/thumb/nofp/libc.a(libc_a-reent.o) (_free_r)
/usr/lib/gcc/arm-none-eabi/14.2.0/../../../../arm-none-eabi/lib/thumb/nofp/libc.a(libc_a-mallocr.o)
                              /usr/lib/gcc/arm-none-eabi/14.2.0/../../../../arm-none-eabi/lib/thumb/nofp/libc.a(libc_a-findfp.o) (_malloc_r)
/usr/lib/gcc/arm-none-eabi/14.2.0/../../../../arm-none-eabi/lib/thumb/nofp/libc.a(libc_a-mlock.o)
                              /usr/lib/gcc/arm-none-eabi/14.2.0/../../../../arm-none-eabi/lib/thumb/nofp/libc.a(libc_a-freer.o) (__malloc_lock)
/usr/lib/gcc/arm-none-eabi/14.2.0/../../../../arm-none-eabi/lib/thumb/nofp/libc.a(libc_a-fclose.o)
[...]
Memory Configuration

Name             Origin             Length             Attributes
BOOTLOADER       0x20041f00         0x00000100         xr
KERNEL_FLASH     0x10000000         0x00020000         xr
KERNEL_RAM       0x2001c000         0x00004000         xrw
*default*        0x00000000         0xffffffff

Linker script and memory map

LOAD /usr/lib/gcc/arm-none-eabi/14.2.0/thumb/nofp/crti.o
LOAD /usr/lib/gcc/arm-none-eabi/14.2.0/thumb/nofp/crtbegin.o
LOAD /usr/lib/gcc/arm-none-eabi/14.2.0/../../../../arm-none-eabi/lib/thumb/nofp/crt0.o

.bootloader     0x20041f00      0x100 load address 0x10000000
                [!provide]                        PROVIDE (__bl2_start = .)
 *(.bootloader)
 .bootloader    0x20041f00      0x100 asm_core/bl2.o
                0x20042000                        . = ALIGN (0x100)
                [!provide]                        PROVIDE (__bl2_end = .)
                0x100000fc                        __bl2_checksum = ((LOADADDR (.bootloader) + LENGTH (BOOTLOADER)) - 0x4)

.vector_table   0x10000100       0xc0
 *(.vector_table)
 .vector_table  0x10000100       0xc0 asm_core/asm_vectors.o
                0x10000100                __vector_table

.text           0x100001c0     0x1e58
 *(.text)
 .text          0x100001c0        0x0 /usr/lib/gcc/arm-none-eabi/14.2.0/thumb/nofp/crti.o
 .text          0x100001c0        0x0 /usr/lib/gcc/arm-none-eabi/14.2.0/thumb/nofp/crtbegin.o
 .text          0x100001c0      0x120 /usr/lib/gcc/arm-none-eabi/14.2.0/../../../../arm-none-eabi/lib/thumb/nofp/crt0.o
                0x100001c0                _stack_init
                0x10000250                _mainCRTStartup
                0x10000250                _start
                0x10000284                __change_mode
                0x100002c0                change_back
 .text          0x100002e0        0x0 asm_core/asm_vectors.o
 .text          0x100002e0        0x0 asm_core/bl2.o
 .text          0x100002e0        0x0 asm_core/exec.o
 .text          0x100002e0        0x0 asm_core/mpu_ctrl.o
 .text          0x100002e0        0x0 asm_core/sched_helper.o
 .text          0x100002e0        0x0 asm_core/startup.o
 .text          0x100002e0        0x0 asm_core/syscall.o
 .text          0x100002e0        0x0 lib/flog2.o
 .text          0x100002e0        0x0 lib/stacks.o
 .text          0x100002e0        0x0 svcalls/svc_button.o
 .text          0x100002e0        0x0 svcalls/svc_getpid.o
 .text          0x100002e0        0x0 svcalls/svc_nil.o
 .text          0x100002e0        0x0 svcalls/svc_read.o
 .text          0x100002e0        0x0 svcalls/svc_set_led.o
 .text          0x100002e0        0x0 svcalls/svc_set_ring.o
 .text          0x100002e0        0x0 svcalls/svc_write.o
 .text          0x100002e0        0x0 periph/gpio.o
 .text          0x100002e0        0x0 periph/llinit.o
 .text          0x100002e0        0x0 periph/mpu.o
 .text          0x100002e0        0x0 periph/pio-handler.o
 .text          0x100002e0        0x0 periph/systick.o
 .text          0x100002e0        0x0 periph/uart.o
 .text          0x100002e0        0x0 periph/vect_priority.o
 .text          0x100002e0        0x0 lib/kmem.o
 .text          0x100002e0        0x0 lib/printk.o
 .text          0x100002e0        0x0 kernel/kmain.o
 .text          0x100002e0        0x0 kernel/sched.o
 .text          0x100002e0        0x0 kernel/task.o
 .text          0x100002e0        0x0 /usr/lib/gcc/arm-none-eabi/14.2.0/../../../../arm-none-eabi/lib/thumb/nofp/libc.a(libc_a-atexit.o)
 .text          0x100002e0        0x0 /usr/lib/gcc/arm-none-eabi/14.2.0/../../../../arm-none-eabi/lib/thumb/nofp/libc.a(libc_a-exit.o)
 .text          0x100002e0        0x0 /usr/lib/gcc/arm-none-eabi/14.2.0/../../../../arm-none-eabi/lib/thumb/nofp/libc.a(libc_a-findfp.o)
 .text          0x100002e0        0x0 /usr/lib/gcc/arm-none-eabi/14.2.0/../../../../arm-none-eabi/lib/thumb/nofp/libc.a(libc_a-fwalk.o)
 .text          0x100002e0        0x0 /usr/lib/gcc/arm-none-eabi/14.2.0/../../../../arm-none-eabi/lib/thumb/nofp/libc.a(libc_a-stdio.o)
 .text          0x100002e0        0x0 /usr/lib/gcc/arm-none-eabi/14.2.0/../../../../arm-none-eabi/lib/thumb/nofp/libc.a(libc_a-memset.o)
 .text          0x100002e0        0x0 /usr/lib/gcc/arm-none-eabi/14.2.0/../../../../arm-none-eabi/lib/thumb/nofp/libc.a(libc_a-closer.o)
 .text          0x100002e0        0x0 /usr/lib/gcc/arm-none-eabi/14.2.0/../../../../arm-none-eabi/lib/thumb/nofp/libc.a(libc_a-reent.o)
 .text          0x100002e0        0x0 /usr/lib/gcc/arm-none-eabi/14.2.0/../../../../arm-none-eabi/lib/thumb/nofp/libc.a(libc_a-impure.o)
 .text          0x100002e0        0x0 /usr/lib/gcc/arm-none-eabi/14.2.0/../../../../arm-none-eabi/lib/thumb/nofp/libc.a(libc_a-lseekr.o)
 .text          0x100002e0        0x0 /usr/lib/gcc/arm-none-eabi/14.2.0/../../../../arm-none-eabi/lib/thumb/nofp/libc.a(libc_a-readr.o)
 .text          0x100002e0        0x0 /usr/lib/gcc/arm-none-eabi/14.2.0/../../../../arm-none-eabi/lib/thumb/nofp/libc.a(libc_a-writer.o)
 .text          0x100002e0        0x0 /usr/lib/gcc/arm-none-eabi/14.2.0/../../../../arm-none-eabi/lib/thumb/nofp/libc.a(libc_a-init.o)
 .text          0x100002e0        0x0 /usr/lib/gcc/arm-none-eabi/14.2.0/../../../../arm-none-eabi/lib/thumb/nofp/libc.a(libc_a-fini.o)
 .text          0x100002e0        0x0 /usr/lib/gcc/arm-none-eabi/14.2.0/../../../../arm-none-eabi/lib/thumb/nofp/libc.a(libc_a-lock.o)
 .text          0x100002e0        0x0 /usr/lib/gcc/arm-none-eabi/14.2.0/../../../../arm-none-eabi/lib/thumb/nofp/libc.a(libc_a-__atexit.o)
 .text          0x100002e0        0x0 /usr/lib/gcc/arm-none-eabi/14.2.0/../../../../arm-none-eabi/lib/thumb/nofp/libc.a(libc_a-__call_atexit.o)
 .text          0x100002e0        0x0 /usr/lib/gcc/arm-none-eabi/14.2.0/../../../../arm-none-eabi/lib/thumb/nofp/libc.a(libc_a-freer.o)
 .text          0x100002e0        0x0 /usr/lib/gcc/arm-none-eabi/14.2.0/../../../../arm-none-eabi/lib/thumb/nofp/libc.a(libc_a-mallocr.o)
 .text          0x100002e0        0x0 /usr/lib/gcc/arm-none-eabi/14.2.0/../../../../arm-none-eabi/lib/thumb/nofp/libc.a(libc_a-mlock.o)
 .text          0x100002e0        0x0 /usr/lib/gcc/arm-none-eabi/14.2.0/../../../../arm-none-eabi/lib/thumb/nofp/libc.a(libc_a-fclose.o)
 .text          0x100002e0        0x0 /usr/lib/gcc/arm-none-eabi/14.2.0/../../../../arm-none-eabi/lib/thumb/nofp/libc.a(libc_a-fflush.o)
 .text          0x100002e0        0x0 /usr/lib/gcc/arm-none-eabi/14.2.0/../../../../arm-none-eabi/lib/thumb/nofp/libc.a(libc_a-sbrkr.o)
 .text          0x100002e0        0x0 /usr/lib/gcc/arm-none-eabi/14.2.0/../../../../arm-none-eabi/lib/thumb/nofp/libc.a(libc_a-sysconf.o)
 .text          0x100002e0        0x0 /usr/lib/gcc/arm-none-eabi/14.2.0/../../../../arm-none-eabi/lib/thumb/nofp/libc.a(libc_a-errno.o)
 .text          0x100002e0       0x94 /usr/lib/gcc/arm-none-eabi/14.2.0/thumb/nofp/libgcc.a(_udivsi3.o)
                0x100002e0                __udivsi3
                0x100002e0                __aeabi_uidiv
                0x10000360                __aeabi_uidivmod
 .text          0x10000374        0x4 /usr/lib/gcc/arm-none-eabi/14.2.0/thumb/nofp/libgcc.a(_dvmd_tls.o)
                0x10000374                __aeabi_ldiv0
                0x10000374                __aeabi_idiv0
 .text          0x10000378        0x0 /usr/lib/gcc/arm-none-eabi/14.2.0/thumb/nofp/crtend.o
 .text          0x10000378        0x0 /usr/lib/gcc/arm-none-eabi/14.2.0/thumb/nofp/crtn.o
 *(.text.*)
 .text.__do_global_dtors_aux
                0x10000378       0x2c /usr/lib/gcc/arm-none-eabi/14.2.0/thumb/nofp/crtbegin.o
 .text.frame_dummy
                0x100003a4       0x24 /usr/lib/gcc/arm-none-eabi/14.2.0/thumb/nofp/crtbegin.o
 .text.exec     0x100003c8        0x2 asm_core/exec.o
                0x100003c8                exec
 .text.svc_execve
                0x100003ca       0x16 asm_core/exec.o
                0x100003ca                svc_execve
 .text.mpu_set_region
                0x100003e0        0xc asm_core/mpu_ctrl.o
                0x100003e0                mpu_set_region
 .text.mpu_disable
                0x100003ec       0x1c asm_core/mpu_ctrl.o
                0x100003ec                mpu_disable
                0x100003f4                mpu_enable
 .text.mpu_init
                0x10000408       0x20 asm_core/mpu_ctrl.o
                0x10000408                mpu_init
 .text.__vector_15
                0x10000428       0x14 asm_core/sched_helper.o
                0x10000428                __vector_15
 .text.do_context_switch
                0x1000043c        0x2 asm_core/sched_helper.o
                0x1000043c                do_context_switch
 *fill*         0x1000043e        0x2 
 .text.__reset  0x10000440       0x70 asm_core/startup.o
                0x10000440                __reset
 .text.__bad_interrupt
                0x100004b0        0x4 asm_core/startup.o
                0x100004b0                __vector_38
                0x100004b0                __vector_22
                0x100004b0                __vector_28
                0x100004b0                __vector_32
                0x100004b0                __vector_34
                0x100004b0                __vector_24
                0x100004b0                __vector_46
                0x100004b0                __bad_interrupt
                0x100004b0                __vector_31
                0x100004b0                __vector_35
                0x100004b0                __vector_39
                0x100004b0                __vector_3
                0x100004b0                __vector_23
                0x100004b0                __vector_30
                0x100004b0                __vector_45
                0x100004b0                __vector_25
                0x100004b0                __vector_17
                0x100004b0                __vector_19
                0x100004b0                __vector_41
                0x100004b0                __vector_43
                0x100004b0                __vector_27
                0x100004b0                __vector_33
                0x100004b0                __vector_47
                0x100004b0                __vector_37
                0x100004b0                __vector_44
                0x100004b0                __vector_2
                0x100004b0                __vector_21
                0x100004b0                __vector_29
                0x100004b0                __vector_40
                0x100004b0                __vector_26
                0x100004b0                __vector_14
                0x100004b0                __vector_16
                0x100004b0                __vector_18
                0x100004b0                __vector_20
                0x100004b0                __vector_42
 *fill*         0x100004b4        0xc 
 .text.__vector_11
                0x100004c0       0x44 asm_core/syscall.o
                0x100004c0                __vector_11
 .text.flog2    0x10000504       0x1c lib/flog2.o
                0x10000504                flog2
 .text.init_user_stack
                0x10000520       0x24 lib/stacks.o
                0x10000520                init_user_stack
 .text.entry_from_user
                0x10000544        0x6 lib/stacks.o
                0x10000544                entry_from_user
 .text.return_to_user
                0x1000054a        0x6 lib/stacks.o
                0x1000054a                return_to_user
 .text.get_current_sp
                0x10000550        0x6 lib/stacks.o
                0x10000550                get_current_sp
 .text.svc_button
                0x10000556        0x4 svcalls/svc_button.o
                0x10000556                svc_button
 *fill*         0x1000055a        0x2 
 .text.svc_getpid
                0x1000055c        0xc svcalls/svc_getpid.o
                0x1000055c                svc_getpid
 .text.svc_nil  0x10000568        0x8 svcalls/svc_nil.o
                0x10000568                svc_nil
 .text.svc_read
                0x10000570        0x4 svcalls/svc_read.o
                0x10000570                svc_read
 .text.svc_set_led
                0x10000574        0x4 svcalls/svc_set_led.o
                0x10000574                svc_set_led
 .text.svc_setring
                0x10000578        0x2 svcalls/svc_set_ring.o
                0x10000578                svc_setring
 .text.svc_write
                0x1000057a        0x4 svcalls/svc_write.o
                0x1000057a                svc_write
 .text.gpio_init
                0x1000057e        0x2 periph/gpio.o
                0x1000057e                gpio_init
 .text.startup.resets_init
                0x10000580       0x3c periph/llinit.o
                0x10000580                resets_init
 .text.startup.clocking_init
                0x100005bc       0x6c periph/llinit.o
                0x100005bc                clocking_init
 .text.startup.resets_finish
                0x10000628       0x20 periph/llinit.o
                0x10000628                resets_finish
 .text.mpu_setup_user
                0x10000648        0x2 periph/mpu.o
                0x10000648                mpu_setup_user
 .text.mpu_setup_supervisor
                0x1000064a        0x2 periph/mpu.o
                0x1000064a                mpu_setup_supervisor
 .text.mpu_setup_periph
                0x1000064c        0x2 periph/mpu.o
                0x1000064c                mpu_setup_periph
 *fill*         0x1000064e        0x2 
 .text.mpu_fault_enable
                0x10000650       0x14 periph/mpu.o
                0x10000650                mpu_fault_enable
 .text.__vector_mpu_fault
                0x10000664       0x30 periph/mpu.o
                0x10000664                __vector_mpu_fault
 .text.startup.pio_init
                0x10000694       0x7c periph/pio-handler.o
                0x10000694                pio_init
 .text.pio_start
                0x10000710       0x28 periph/pio-handler.o
                0x10000710                pio_start
 .text.systick_init
                0x10000738       0x14 periph/systick.o
                0x10000738                systick_init
 .text.startup.uart_init
                0x1000074c       0x20 periph/uart.o
                0x1000074c                uart_init
 .text.uart_putc
                0x1000076c       0x28 periph/uart.o
                0x1000076c                uart_putc
 .text.uart_write
                0x10000794       0x20 periph/uart.o
                0x10000794                uart_write
 .text.uart_puts
                0x100007b4       0x20 periph/uart.o
                0x100007b4                uart_puts
 .text.uart_getc
                0x100007d4       0x28 periph/uart.o
                0x100007d4                uart_getc
 .text.__vector_36
                0x100007fc       0x70 periph/uart.o
                0x100007fc                __vector_36
 .text.setup_vect_priority
                0x1000086c       0x24 periph/vect_priority.o
                0x1000086c                setup_vect_priority
 .text.memcpy   0x10000890       0x12 lib/kmem.o
                0x10000890                memcpy
 .text.hitoa    0x100008a2       0x52 lib/printk.o
                0x100008a2                hitoa
 .text.printk   0x100008f4       0x54 lib/printk.o
                0x100008f4                printk
 .text.kmain    0x10000948       0x68 kernel/kmain.o
                0x10000948                kmain
 .text.init_scheduler
                0x100009b0       0x3c kernel/sched.o
                0x100009b0                init_scheduler
 .text.schedule
                0x100009ec       0x68 kernel/sched.o
                0x100009ec                schedule
 .text.get_task_header
                0x10000a54       0x14 kernel/task.o
                0x10000a54                get_task_header
 .text.compute_region_size
                0x10000a68       0x18 kernel/task.o
                0x10000a68                compute_region_size
 .text.create_task
                0x10000a80       0x9c kernel/task.o
                0x10000a80                create_task
 .text.atexit   0x10000b1c       0x14 /usr/lib/gcc/arm-none-eabi/14.2.0/../../../../arm-none-eabi/lib/thumb/nofp/libc.a(libc_a-atexit.o)
                0x10000b1c                atexit
 .text.exit     0x10000b30       0x24 /usr/lib/gcc/arm-none-eabi/14.2.0/../../../../arm-none-eabi/lib/thumb/nofp/libc.a(libc_a-exit.o)
                0x10000b30                exit
 .text.stdio_exit_handler
                0x10000b54       0x20 /usr/lib/gcc/arm-none-eabi/14.2.0/../../../../arm-none-eabi/lib/thumb/nofp/libc.a(libc_a-findfp.o)
 .text.cleanup_stdio
                0x10000b74       0x40 /usr/lib/gcc/arm-none-eabi/14.2.0/../../../../arm-none-eabi/lib/thumb/nofp/libc.a(libc_a-findfp.o)
 .text.__fp_lock
                0x10000bb4       0x20 /usr/lib/gcc/arm-none-eabi/14.2.0/../../../../arm-none-eabi/lib/thumb/nofp/libc.a(libc_a-findfp.o)
 .text.__fp_unlock
                0x10000bd4       0x20 /usr/lib/gcc/arm-none-eabi/14.2.0/../../../../arm-none-eabi/lib/thumb/nofp/libc.a(libc_a-findfp.o)
 .text.global_stdio_init.part.0
                0x10000bf4      0x11c /usr/lib/gcc/arm-none-eabi/14.2.0/../../../../arm-none-eabi/lib/thumb/nofp/libc.a(libc_a-findfp.o)
 .text.__sfp    0x10000d10       0xcc /usr/lib/gcc/arm-none-eabi/14.2.0/../../../../arm-none-eabi/lib/thumb/nofp/libc.a(libc_a-findfp.o)
                0x10000d10                __sfp
 .text.__sinit  0x10000ddc       0x3c /usr/lib/gcc/arm-none-eabi/14.2.0/../../../../arm-none-eabi/lib/thumb/nofp/libc.a(libc_a-findfp.o)
                0x10000ddc                __sinit
 .text.__sfp_lock_acquire
                0x10000e18       0x14 /usr/lib/gcc/arm-none-eabi/14.2.0/../../../../arm-none-eabi/lib/thumb/nofp/libc.a(libc_a-findfp.o)
                0x10000e18                __sfp_lock_acquire
 .text.__sfp_lock_release
                0x10000e2c       0x14 /usr/lib/gcc/arm-none-eabi/14.2.0/../../../../arm-none-eabi/lib/thumb/nofp/libc.a(libc_a-findfp.o)
                0x10000e2c                __sfp_lock_release
 .text.__fp_lock_all
                0x10000e40       0x24 /usr/lib/gcc/arm-none-eabi/14.2.0/../../../../arm-none-eabi/lib/thumb/nofp/libc.a(libc_a-findfp.o)
                0x10000e40                __fp_lock_all
 .text.__fp_unlock_all
                0x10000e64       0x24 /usr/lib/gcc/arm-none-eabi/14.2.0/../../../../arm-none-eabi/lib/thumb/nofp/libc.a(libc_a-findfp.o)
                0x10000e64                __fp_unlock_all
 .text._fwalk_sglue
                0x10000e88       0x4c /usr/lib/gcc/arm-none-eabi/14.2.0/../../../../arm-none-eabi/lib/thumb/nofp/libc.a(libc_a-fwalk.o)
                0x10000e88                _fwalk_sglue
 .text.__sread  0x10000ed4       0x2c /usr/lib/gcc/arm-none-eabi/14.2.0/../../../../arm-none-eabi/lib/thumb/nofp/libc.a(libc_a-stdio.o)
                0x10000ed4                __sread
 .text.__seofread
                0x10000f00        0x4 /usr/lib/gcc/arm-none-eabi/14.2.0/../../../../arm-none-eabi/lib/thumb/nofp/libc.a(libc_a-stdio.o)
                0x10000f00                __seofread
 .text.__swrite
                0x10000f04       0x44 /usr/lib/gcc/arm-none-eabi/14.2.0/../../../../arm-none-eabi/lib/thumb/nofp/libc.a(libc_a-stdio.o)
                0x10000f04                __swrite
 .text.__sseek  0x10000f48       0x30 /usr/lib/gcc/arm-none-eabi/14.2.0/../../../../arm-none-eabi/lib/thumb/nofp/libc.a(libc_a-stdio.o)
                0x10000f48                __sseek
 .text.__sclose
                0x10000f78       0x10 /usr/lib/gcc/arm-none-eabi/14.2.0/../../../../arm-none-eabi/lib/thumb/nofp/libc.a(libc_a-stdio.o)
                0x10000f78                __sclose
 .text.memset   0x10000f88       0x98 /usr/lib/gcc/arm-none-eabi/14.2.0/../../../../arm-none-eabi/lib/thumb/nofp/libc.a(libc_a-memset.o)
                0x10000f88                memset
 .text._close_r
                0x10001020       0x28 /usr/lib/gcc/arm-none-eabi/14.2.0/../../../../arm-none-eabi/lib/thumb/nofp/libc.a(libc_a-closer.o)
                0x10001020                _close_r
 .text._reclaim_reent
                0x10001048       0x7c /usr/lib/gcc/arm-none-eabi/14.2.0/../../../../arm-none-eabi/lib/thumb/nofp/libc.a(libc_a-reent.o)
                0x10001048                _reclaim_reent
 .text._lseek_r
                0x100010c4       0x2c /usr/lib/gcc/arm-none-eabi/14.2.0/../../../../arm-none-eabi/lib/thumb/nofp/libc.a(libc_a-lseekr.o)
                0x100010c4                _lseek_r
 .text._read_r  0x100010f0       0x2c /usr/lib/gcc/arm-none-eabi/14.2.0/../../../../arm-none-eabi/lib/thumb/nofp/libc.a(libc_a-readr.o)
                0x100010f0                _read_r
 .text._write_r
                0x1000111c       0x2c /usr/lib/gcc/arm-none-eabi/14.2.0/../../../../arm-none-eabi/lib/thumb/nofp/libc.a(libc_a-writer.o)
                0x1000111c                _write_r
 .text.__libc_init_array
                0x10001148       0x54 /usr/lib/gcc/arm-none-eabi/14.2.0/../../../../arm-none-eabi/lib/thumb/nofp/libc.a(libc_a-init.o)
                0x10001148                __libc_init_array
 .text.__libc_fini_array
                0x1000119c       0x30 /usr/lib/gcc/arm-none-eabi/14.2.0/../../../../arm-none-eabi/lib/thumb/nofp/libc.a(libc_a-fini.o)
                0x1000119c                __libc_fini_array
 .text.__retarget_lock_init
                0x100011cc        0x4 /usr/lib/gcc/arm-none-eabi/14.2.0/../../../../arm-none-eabi/lib/thumb/nofp/libc.a(libc_a-lock.o)
                0x100011cc                __retarget_lock_init
 .text.__retarget_lock_init_recursive
                0x100011d0        0x4 /usr/lib/gcc/arm-none-eabi/14.2.0/../../../../arm-none-eabi/lib/thumb/nofp/libc.a(libc_a-lock.o)
                0x100011d0                __retarget_lock_init_recursive
 .text.__retarget_lock_close
                0x100011d4        0x4 /usr/lib/gcc/arm-none-eabi/14.2.0/../../../../arm-none-eabi/lib/thumb/nofp/libc.a(libc_a-lock.o)
                0x100011d4                __retarget_lock_close
 .text.__retarget_lock_close_recursive
                0x100011d8        0x4 /usr/lib/gcc/arm-none-eabi/14.2.0/../../../../arm-none-eabi/lib/thumb/nofp/libc.a(libc_a-lock.o)
                0x100011d8                __retarget_lock_close_recursive
 .text.__retarget_lock_acquire
                0x100011dc        0x4 /usr/lib/gcc/arm-none-eabi/14.2.0/../../../../arm-none-eabi/lib/thumb/nofp/libc.a(libc_a-lock.o)
                0x100011dc                __retarget_lock_acquire
 .text.__retarget_lock_acquire_recursive
                0x100011e0        0x4 /usr/lib/gcc/arm-none-eabi/14.2.0/../../../../arm-none-eabi/lib/thumb/nofp/libc.a(libc_a-lock.o)
                0x100011e0                __retarget_lock_acquire_recursive
 .text.__retarget_lock_try_acquire
                0x100011e4        0x4 /usr/lib/gcc/arm-none-eabi/14.2.0/../../../../arm-none-eabi/lib/thumb/nofp/libc.a(libc_a-lock.o)
                0x100011e4                __retarget_lock_try_acquire
 .text.__retarget_lock_try_acquire_recursive
                0x100011e8        0x4 /usr/lib/gcc/arm-none-eabi/14.2.0/../../../../arm-none-eabi/lib/thumb/nofp/libc.a(libc_a-lock.o)
                0x100011e8                __retarget_lock_try_acquire_recursive
 .text.__retarget_lock_release
                0x100011ec        0x4 /usr/lib/gcc/arm-none-eabi/14.2.0/../../../../arm-none-eabi/lib/thumb/nofp/libc.a(libc_a-lock.o)
                0x100011ec                __retarget_lock_release
 .text.__retarget_lock_release_recursive
                0x100011f0        0x4 /usr/lib/gcc/arm-none-eabi/14.2.0/../../../../arm-none-eabi/lib/thumb/nofp/libc.a(libc_a-lock.o)
                0x100011f0                __retarget_lock_release_recursive
 .text.__register_exitproc
                0x100011f4       0xac /usr/lib/gcc/arm-none-eabi/14.2.0/../../../../arm-none-eabi/lib/thumb/nofp/libc.a(libc_a-__atexit.o)
                0x100011f4                __register_exitproc
 .text.startup.register_fini
                0x100012a0       0x1c /usr/lib/gcc/arm-none-eabi/14.2.0/../../../../arm-none-eabi/lib/thumb/nofp/libc.a(libc_a-__call_atexit.o)
 .text.__call_exitprocs
                0x100012bc      0x10c /usr/lib/gcc/arm-none-eabi/14.2.0/../../../../arm-none-eabi/lib/thumb/nofp/libc.a(libc_a-__call_atexit.o)
                0x100012bc                __call_exitprocs
 .text._malloc_trim_r
                0x100013c8       0xb8 /usr/lib/gcc/arm-none-eabi/14.2.0/../../../../arm-none-eabi/lib/thumb/nofp/libc.a(libc_a-freer.o)
                0x100013c8                _malloc_trim_r
 .text._free_r  0x10001480      0x1f4 /usr/lib/gcc/arm-none-eabi/14.2.0/../../../../arm-none-eabi/lib/thumb/nofp/libc.a(libc_a-freer.o)
                0x10001480                _free_r
 .text._malloc_r
                0x10001674      0x5f0 /usr/lib/gcc/arm-none-eabi/14.2.0/../../../../arm-none-eabi/lib/thumb/nofp/libc.a(libc_a-mallocr.o)
                0x10001674                _malloc_r
 .text.__malloc_lock
                0x10001c64       0x14 /usr/lib/gcc/arm-none-eabi/14.2.0/../../../../arm-none-eabi/lib/thumb/nofp/libc.a(libc_a-mlock.o)
                0x10001c64                __malloc_lock
 .text.__malloc_unlock
                0x10001c78       0x14 /usr/lib/gcc/arm-none-eabi/14.2.0/../../../../arm-none-eabi/lib/thumb/nofp/libc.a(libc_a-mlock.o)
                0x10001c78                __malloc_unlock
 .text._fclose_r
                0x10001c8c       0xd4 /usr/lib/gcc/arm-none-eabi/14.2.0/../../../../arm-none-eabi/lib/thumb/nofp/libc.a(libc_a-fclose.o)
                0x10001c8c                _fclose_r
 .text.fclose   0x10001d60       0x18 /usr/lib/gcc/arm-none-eabi/14.2.0/../../../../arm-none-eabi/lib/thumb/nofp/libc.a(libc_a-fclose.o)
                0x10001d60                fclose
 .text.__sflush_r
                0x10001d78      0x150 /usr/lib/gcc/arm-none-eabi/14.2.0/../../../../arm-none-eabi/lib/thumb/nofp/libc.a(libc_a-fflush.o)
                0x10001d78                __sflush_r
 .text._fflush_r
                0x10001ec8       0x6c /usr/lib/gcc/arm-none-eabi/14.2.0/../../../../arm-none-eabi/lib/thumb/nofp/libc.a(libc_a-fflush.o)
                0x10001ec8                _fflush_r
 .text.fflush   0x10001f34       0x80 /usr/lib/gcc/arm-none-eabi/14.2.0/../../../../arm-none-eabi/lib/thumb/nofp/libc.a(libc_a-fflush.o)
                0x10001f34                fflush
 .text._sbrk_r  0x10001fb4       0x28 /usr/lib/gcc/arm-none-eabi/14.2.0/../../../../arm-none-eabi/lib/thumb/nofp/libc.a(libc_a-sbrkr.o)
                0x10001fb4                _sbrk_r
 .text.sysconf  0x10001fdc       0x20 /usr/lib/gcc/arm-none-eabi/14.2.0/../../../../arm-none-eabi/lib/thumb/nofp/libc.a(libc_a-sysconf.o)
                0x10001fdc                sysconf
 .text.__errno  0x10001ffc        0xc /usr/lib/gcc/arm-none-eabi/14.2.0/../../../../arm-none-eabi/lib/thumb/nofp/libc.a(libc_a-errno.o)
                0x10001ffc                __errno
 .text.__errno.__stub
                0x10002008        0xc linker stubs

.glue_7         0x10002018        0x0
 .glue_7        0x10002018        0x0 linker stubs

.glue_7t        0x10002018        0x0
 .glue_7t       0x10002018        0x0 linker stubs

.vfp11_veneer   0x10002018        0x0
 .vfp11_veneer  0x10002018        0x0 linker stubs

.v4_bx          0x10002018        0x0
 .v4_bx         0x10002018        0x0 linker stubs

.init           0x10002018        0xc
 .init          0x10002018        0x4 /usr/lib/gcc/arm-none-eabi/14.2.0/thumb/nofp/crti.o
                0x10002018                _init
 .init          0x1000201c        0x8 /usr/lib/gcc/arm-none-eabi/14.2.0/thumb/nofp/crtn.o

.fini           0x10002024        0xc
 .fini          0x10002024        0x4 /usr/lib/gcc/arm-none-eabi/14.2.0/thumb/nofp/crti.o
                0x10002024                _fini
 .fini          0x10002028        0x8 /usr/lib/gcc/arm-none-eabi/14.2.0/thumb/nofp/crtn.o

.iplt           0x10002030        0x0
 .iplt          0x10002030        0x0 /usr/lib/gcc/arm-none-eabi/14.2.0/thumb/nofp/crtbegin.o

.rodata         0x10002030      0x1b4
                0x10002030                        . = ALIGN (0x4)
 *(.rodata)
 *(.rodata.*)
 .rodata.all_implied_fbits
                0x10002030       0x24 /usr/lib/gcc/arm-none-eabi/14.2.0/thumb/nofp/crtbegin.o
 .rodata.__vector_mpu_fault.str1.1
                0x10002054      0x162 periph/mpu.o
                                 0x3d (size before relaxing)
 .rodata.kmain.str1.1
                0x100021b6       0x46 kernel/kmain.o
 .rodata.init_scheduler.str1.1
                0x100021b6       0x1f kernel/sched.o
 .rodata.create_task.str1.1
                0x100021b6       0xc0 kernel/task.o
 *fill*         0x100021b6        0x2 
 .rodata.process_list.0
                0x100021b8        0x8 kernel/task.o
 .rodata.all_implied_fbits
                0x100021c0       0x24 /usr/lib/gcc/arm-none-eabi/14.2.0/thumb/nofp/crtend.o
                0x100021e4                        . = ALIGN (0x4)

.eh_frame       0x100021e4        0x4
 .eh_frame      0x100021e4        0x0 /usr/lib/gcc/arm-none-eabi/14.2.0/thumb/nofp/crtbegin.o
 .eh_frame      0x100021e4        0x4 /usr/lib/gcc/arm-none-eabi/14.2.0/thumb/nofp/crtend.o

.ARM.extab      0x100021e8        0x0
 .ARM.extab     0x100021e8        0x0 /usr/lib/gcc/arm-none-eabi/14.2.0/../../../../arm-none-eabi/lib/thumb/nofp/crt0.o

.ARM.exidx      0x100021e8        0x8
 .ARM.exidx     0x100021e8        0x8 /usr/lib/gcc/arm-none-eabi/14.2.0/../../../../arm-none-eabi/lib/thumb/nofp/crt0.o
                                 0x10 (size before relaxing)

.init_array     0x100021f0       0x1c
                0x100021f0                        PROVIDE (__ctors_start = .)
 *(SORT_BY_NAME(.init_array.*))
 .init_array.00000
                0x100021f0        0x4 /usr/lib/gcc/arm-none-eabi/14.2.0/../../../../arm-none-eabi/lib/thumb/nofp/libc.a(libc_a-__call_atexit.o)
 .init_array.00101
                0x100021f4        0x4 periph/llinit.o
 .init_array.00102
                0x100021f8        0x4 periph/llinit.o
 .init_array.00103
                0x100021fc        0x4 periph/llinit.o
 .init_array.00104
                0x10002200        0x4 periph/pio-handler.o
 *(.init_array)
 .init_array    0x10002204        0x4 /usr/lib/gcc/arm-none-eabi/14.2.0/thumb/nofp/crtbegin.o
 .init_array    0x10002208        0x4 periph/uart.o
                0x1000220c                        PROVIDE (__ctors_end = .)

.fini_array     0x1000220c        0x4
                0x1000220c                        PROVIDE (__dtors_start = .)
 *(SORT_BY_NAME(.fini_array.*))
 *(.fini_array)
 .fini_array    0x1000220c        0x4 /usr/lib/gcc/arm-none-eabi/14.2.0/thumb/nofp/crtbegin.o
                0x10002210                        PROVIDE (__dtors_end = .)

.rel.dyn        0x10002210        0x0
 .rel.iplt      0x10002210        0x0 /usr/lib/gcc/arm-none-eabi/14.2.0/thumb/nofp/crtbegin.o

.data           0x2001c000      0x570 load address 0x10002210
                0x2001c000                        . = ALIGN (0x4)
                0x2001c000                        PROVIDE (__data_start = .)
 *(.data)
 .data          0x2001c000        0x0 /usr/lib/gcc/arm-none-eabi/14.2.0/thumb/nofp/crti.o
 .data          0x2001c000        0x0 /usr/lib/gcc/arm-none-eabi/14.2.0/thumb/nofp/crtbegin.o
 .data          0x2001c000        0x0 /usr/lib/gcc/arm-none-eabi/14.2.0/../../../../arm-none-eabi/lib/thumb/nofp/crt0.o
 .data          0x2001c000        0x0 asm_core/asm_vectors.o
 .data          0x2001c000        0x0 asm_core/bl2.o
 .data          0x2001c000        0x0 asm_core/exec.o
 .data          0x2001c000        0x0 asm_core/mpu_ctrl.o
 .data          0x2001c000        0x0 asm_core/sched_helper.o
 .data          0x2001c000        0x0 asm_core/startup.o
 .data          0x2001c000        0x0 asm_core/syscall.o
 .data          0x2001c000        0x0 lib/flog2.o
 .data          0x2001c000        0x0 lib/stacks.o
 .data          0x2001c000        0x0 svcalls/svc_button.o
 .data          0x2001c000        0x0 svcalls/svc_getpid.o
 .data          0x2001c000        0x0 svcalls/svc_nil.o
 .data          0x2001c000        0x0 svcalls/svc_read.o
 .data          0x2001c000        0x0 svcalls/svc_set_led.o
 .data          0x2001c000        0x0 svcalls/svc_set_ring.o
 .data          0x2001c000        0x0 svcalls/svc_write.o
 .data          0x2001c000        0x0 periph/gpio.o
 .data          0x2001c000        0x0 periph/llinit.o
 .data          0x2001c000        0x0 periph/mpu.o
 .data          0x2001c000        0x0 periph/pio-handler.o
 .data          0x2001c000        0x0 periph/systick.o
 .data          0x2001c000        0x0 periph/uart.o
 .data          0x2001c000        0x0 periph/vect_priority.o
 .data          0x2001c000        0x0 lib/kmem.o
 .data          0x2001c000        0x0 lib/printk.o
 .data          0x2001c000        0x0 kernel/kmain.o
 .data          0x2001c000        0x0 kernel/sched.o
 .data          0x2001c000        0x0 kernel/task.o
 .data          0x2001c000        0x0 /usr/lib/gcc/arm-none-eabi/14.2.0/../../../../arm-none-eabi/lib/thumb/nofp/libc.a(libc_a-atexit.o)
 .data          0x2001c000        0x0 /usr/lib/gcc/arm-none-eabi/14.2.0/../../../../arm-none-eabi/lib/thumb/nofp/libc.a(libc_a-exit.o)
 .data          0x2001c000        0x0 /usr/lib/gcc/arm-none-eabi/14.2.0/../../../../arm-none-eabi/lib/thumb/nofp/libc.a(libc_a-findfp.o)
 .data          0x2001c000        0x0 /usr/lib/gcc/arm-none-eabi/14.2.0/../../../../arm-none-eabi/lib/thumb/nofp/libc.a(libc_a-fwalk.o)
 .data          0x2001c000        0x0 /usr/lib/gcc/arm-none-eabi/14.2.0/../../../../arm-none-eabi/lib/thumb/nofp/libc.a(libc_a-stdio.o)
 .data          0x2001c000        0x0 /usr/lib/gcc/arm-none-eabi/14.2.0/../../../../arm-none-eabi/lib/thumb/nofp/libc.a(libc_a-memset.o)
 .data          0x2001c000        0x0 /usr/lib/gcc/arm-none-eabi/14.2.0/../../../../arm-none-eabi/lib/thumb/nofp/libc.a(libc_a-closer.o)
 .data          0x2001c000        0x0 /usr/lib/gcc/arm-none-eabi/14.2.0/../../../../arm-none-eabi/lib/thumb/nofp/libc.a(libc_a-reent.o)
 .data          0x2001c000        0x0 /usr/lib/gcc/arm-none-eabi/14.2.0/../../../../arm-none-eabi/lib/thumb/nofp/libc.a(libc_a-impure.o)
 .data          0x2001c000        0x0 /usr/lib/gcc/arm-none-eabi/14.2.0/../../../../arm-none-eabi/lib/thumb/nofp/libc.a(libc_a-lseekr.o)
 .data          0x2001c000        0x0 /usr/lib/gcc/arm-none-eabi/14.2.0/../../../../arm-none-eabi/lib/thumb/nofp/libc.a(libc_a-readr.o)
 .data          0x2001c000        0x0 /usr/lib/gcc/arm-none-eabi/14.2.0/../../../../arm-none-eabi/lib/thumb/nofp/libc.a(libc_a-writer.o)
 .data          0x2001c000        0x0 /usr/lib/gcc/arm-none-eabi/14.2.0/../../../../arm-none-eabi/lib/thumb/nofp/libc.a(libc_a-init.o)
 .data          0x2001c000        0x0 /usr/lib/gcc/arm-none-eabi/14.2.0/../../../../arm-none-eabi/lib/thumb/nofp/libc.a(libc_a-fini.o)
 .data          0x2001c000        0x0 /usr/lib/gcc/arm-none-eabi/14.2.0/../../../../arm-none-eabi/lib/thumb/nofp/libc.a(libc_a-lock.o)
 .data          0x2001c000        0x0 /usr/lib/gcc/arm-none-eabi/14.2.0/../../../../arm-none-eabi/lib/thumb/nofp/libc.a(libc_a-__atexit.o)
 .data          0x2001c000        0x0 /usr/lib/gcc/arm-none-eabi/14.2.0/../../../../arm-none-eabi/lib/thumb/nofp/libc.a(libc_a-__call_atexit.o)
 .data          0x2001c000        0x0 /usr/lib/gcc/arm-none-eabi/14.2.0/../../../../arm-none-eabi/lib/thumb/nofp/libc.a(libc_a-freer.o)
 .data          0x2001c000        0x0 /usr/lib/gcc/arm-none-eabi/14.2.0/../../../../arm-none-eabi/lib/thumb/nofp/libc.a(libc_a-mallocr.o)
 .data          0x2001c000        0x0 /usr/lib/gcc/arm-none-eabi/14.2.0/../../../../arm-none-eabi/lib/thumb/nofp/libc.a(libc_a-mlock.o)
 .data          0x2001c000        0x0 /usr/lib/gcc/arm-none-eabi/14.2.0/../../../../arm-none-eabi/lib/thumb/nofp/libc.a(libc_a-fclose.o)
 .data          0x2001c000        0x0 /usr/lib/gcc/arm-none-eabi/14.2.0/../../../../arm-none-eabi/lib/thumb/nofp/libc.a(libc_a-fflush.o)
 .data          0x2001c000        0x0 /usr/lib/gcc/arm-none-eabi/14.2.0/../../../../arm-none-eabi/lib/thumb/nofp/libc.a(libc_a-sbrkr.o)
 .data          0x2001c000        0x0 /usr/lib/gcc/arm-none-eabi/14.2.0/../../../../arm-none-eabi/lib/thumb/nofp/libc.a(libc_a-sysconf.o)
 .data          0x2001c000        0x0 /usr/lib/gcc/arm-none-eabi/14.2.0/../../../../arm-none-eabi/lib/thumb/nofp/libc.a(libc_a-errno.o)
 .data          0x2001c000        0x0 /usr/lib/gcc/arm-none-eabi/14.2.0/thumb/nofp/libgcc.a(_udivsi3.o)
 .data          0x2001c000        0x0 /usr/lib/gcc/arm-none-eabi/14.2.0/thumb/nofp/libgcc.a(_dvmd_tls.o)
 .data          0x2001c000        0x0 /usr/lib/gcc/arm-none-eabi/14.2.0/thumb/nofp/crtend.o
 .data          0x2001c000        0x0 /usr/lib/gcc/arm-none-eabi/14.2.0/thumb/nofp/crtn.o
 *(.data.*)
 .data.__dso_handle
                0x2001c000        0x4 /usr/lib/gcc/arm-none-eabi/14.2.0/thumb/nofp/crtbegin.o
                0x2001c000                __dso_handle
 .data.__sglue  0x2001c004        0xc /usr/lib/gcc/arm-none-eabi/14.2.0/../../../../arm-none-eabi/lib/thumb/nofp/libc.a(libc_a-findfp.o)
                0x2001c004                __sglue
 .data._impure_ptr
                0x2001c010        0x4 /usr/lib/gcc/arm-none-eabi/14.2.0/../../../../arm-none-eabi/lib/thumb/nofp/libc.a(libc_a-impure.o)
                0x2001c010                _impure_ptr
 *fill*         0x2001c014        0x4 
 .data._impure_data
                0x2001c018      0x140 /usr/lib/gcc/arm-none-eabi/14.2.0/../../../../arm-none-eabi/lib/thumb/nofp/libc.a(libc_a-impure.o)
                0x2001c018                _impure_data
 .data.__atexit_recursive_mutex
                0x2001c158        0x4 /usr/lib/gcc/arm-none-eabi/14.2.0/../../../../arm-none-eabi/lib/thumb/nofp/libc.a(libc_a-__call_atexit.o)
                0x2001c158                __atexit_recursive_mutex
 .data.__malloc_sbrk_base
                0x2001c15c        0x4 /usr/lib/gcc/arm-none-eabi/14.2.0/../../../../arm-none-eabi/lib/thumb/nofp/libc.a(libc_a-mallocr.o)
                0x2001c15c                __malloc_sbrk_base
 .data.__malloc_trim_threshold
                0x2001c160        0x4 /usr/lib/gcc/arm-none-eabi/14.2.0/../../../../arm-none-eabi/lib/thumb/nofp/libc.a(libc_a-mallocr.o)
                0x2001c160                __malloc_trim_threshold
 *fill*         0x2001c164        0x4 
 .data.__malloc_av_
                0x2001c168      0x408 /usr/lib/gcc/arm-none-eabi/14.2.0/../../../../arm-none-eabi/lib/thumb/nofp/libc.a(libc_a-mallocr.o)
                0x2001c168                __malloc_av_
                0x2001c570                        . = ALIGN (0x4)
                0x2001c570                        PROVIDE (__data_end = .)
                0x10002210                        __data_load_start = LOADADDR (.data)

.igot.plt       0x2001c570        0x0 load address 0x10002780
 .igot.plt      0x2001c570        0x0 /usr/lib/gcc/arm-none-eabi/14.2.0/thumb/nofp/crtbegin.o

.bss            0x2001c570      0x45c load address 0x10002780
                0x2001c570                        . = ALIGN (0x4)
                0x2001c570                        PROVIDE (__bss_start = .)
 *(.bss)
 .bss           0x2001c570        0x0 /usr/lib/gcc/arm-none-eabi/14.2.0/thumb/nofp/crti.o
 .bss           0x2001c570        0x0 /usr/lib/gcc/arm-none-eabi/14.2.0/thumb/nofp/crtbegin.o
 .bss           0x2001c570        0x0 /usr/lib/gcc/arm-none-eabi/14.2.0/../../../../arm-none-eabi/lib/thumb/nofp/crt0.o
 .bss           0x2001c570        0x0 asm_core/asm_vectors.o
 .bss           0x2001c570        0x0 asm_core/bl2.o
 .bss           0x2001c570        0x0 asm_core/exec.o
 .bss           0x2001c570        0x0 asm_core/mpu_ctrl.o
 .bss           0x2001c570        0x0 asm_core/sched_helper.o
 .bss           0x2001c570        0x0 asm_core/startup.o
 .bss           0x2001c570        0x0 asm_core/syscall.o
 .bss           0x2001c570        0x0 lib/flog2.o
 .bss           0x2001c570        0x0 lib/stacks.o
 .bss           0x2001c570        0x0 svcalls/svc_button.o
 .bss           0x2001c570        0x0 svcalls/svc_getpid.o
 .bss           0x2001c570        0x0 svcalls/svc_nil.o
 .bss           0x2001c570        0x0 svcalls/svc_read.o
 .bss           0x2001c570        0x0 svcalls/svc_set_led.o
 .bss           0x2001c570        0x0 svcalls/svc_set_ring.o
 .bss           0x2001c570        0x0 svcalls/svc_write.o
 .bss           0x2001c570        0x0 periph/gpio.o
 .bss           0x2001c570        0x0 periph/llinit.o
 .bss           0x2001c570        0x0 periph/mpu.o
 .bss           0x2001c570        0x0 periph/pio-handler.o
 .bss           0x2001c570        0x0 periph/systick.o
 .bss           0x2001c570        0x0 periph/uart.o
 .bss           0x2001c570        0x0 periph/vect_priority.o
 .bss           0x2001c570        0x0 lib/kmem.o
 .bss           0x2001c570        0x0 lib/printk.o
 .bss           0x2001c570        0x0 kernel/kmain.o
 .bss           0x2001c570        0x0 kernel/sched.o
 .bss           0x2001c570        0x0 kernel/task.o
 .bss           0x2001c570        0x0 /usr/lib/gcc/arm-none-eabi/14.2.0/../../../../arm-none-eabi/lib/thumb/nofp/libc.a(libc_a-atexit.o)
 .bss           0x2001c570        0x0 /usr/lib/gcc/arm-none-eabi/14.2.0/../../../../arm-none-eabi/lib/thumb/nofp/libc.a(libc_a-exit.o)
 .bss           0x2001c570        0x0 /usr/lib/gcc/arm-none-eabi/14.2.0/../../../../arm-none-eabi/lib/thumb/nofp/libc.a(libc_a-findfp.o)
 .bss           0x2001c570        0x0 /usr/lib/gcc/arm-none-eabi/14.2.0/../../../../arm-none-eabi/lib/thumb/nofp/libc.a(libc_a-fwalk.o)
 .bss           0x2001c570        0x0 /usr/lib/gcc/arm-none-eabi/14.2.0/../../../../arm-none-eabi/lib/thumb/nofp/libc.a(libc_a-stdio.o)
 .bss           0x2001c570        0x0 /usr/lib/gcc/arm-none-eabi/14.2.0/../../../../arm-none-eabi/lib/thumb/nofp/libc.a(libc_a-memset.o)
 .bss           0x2001c570        0x0 /usr/lib/gcc/arm-none-eabi/14.2.0/../../../../arm-none-eabi/lib/thumb/nofp/libc.a(libc_a-closer.o)
 .bss           0x2001c570        0x0 /usr/lib/gcc/arm-none-eabi/14.2.0/../../../../arm-none-eabi/lib/thumb/nofp/libc.a(libc_a-reent.o)
 .bss           0x2001c570        0x0 /usr/lib/gcc/arm-none-eabi/14.2.0/../../../../arm-none-eabi/lib/thumb/nofp/libc.a(libc_a-impure.o)
 .bss           0x2001c570        0x0 /usr/lib/gcc/arm-none-eabi/14.2.0/../../../../arm-none-eabi/lib/thumb/nofp/libc.a(libc_a-lseekr.o)
 .bss           0x2001c570        0x0 /usr/lib/gcc/arm-none-eabi/14.2.0/../../../../arm-none-eabi/lib/thumb/nofp/libc.a(libc_a-readr.o)
 .bss           0x2001c570        0x0 /usr/lib/gcc/arm-none-eabi/14.2.0/../../../../arm-none-eabi/lib/thumb/nofp/libc.a(libc_a-writer.o)
 .bss           0x2001c570        0x0 /usr/lib/gcc/arm-none-eabi/14.2.0/../../../../arm-none-eabi/lib/thumb/nofp/libc.a(libc_a-init.o)
 .bss           0x2001c570        0x0 /usr/lib/gcc/arm-none-eabi/14.2.0/../../../../arm-none-eabi/lib/thumb/nofp/libc.a(libc_a-fini.o)
 .bss           0x2001c570        0x0 /usr/lib/gcc/arm-none-eabi/14.2.0/../../../../arm-none-eabi/lib/thumb/nofp/libc.a(libc_a-lock.o)
 .bss           0x2001c570        0x0 /usr/lib/gcc/arm-none-eabi/14.2.0/../../../../arm-none-eabi/lib/thumb/nofp/libc.a(libc_a-__atexit.o)
 .bss           0x2001c570        0x0 /usr/lib/gcc/arm-none-eabi/14.2.0/../../../../arm-none-eabi/lib/thumb/nofp/libc.a(libc_a-__call_atexit.o)
 .bss           0x2001c570        0x0 /usr/lib/gcc/arm-none-eabi/14.2.0/../../../../arm-none-eabi/lib/thumb/nofp/libc.a(libc_a-freer.o)
 .bss           0x2001c570        0x0 /usr/lib/gcc/arm-none-eabi/14.2.0/../../../../arm-none-eabi/lib/thumb/nofp/libc.a(libc_a-mallocr.o)
 .bss           0x2001c570        0x0 /usr/lib/gcc/arm-none-eabi/14.2.0/../../../../arm-none-eabi/lib/thumb/nofp/libc.a(libc_a-mlock.o)
 .bss           0x2001c570        0x0 /usr/lib/gcc/arm-none-eabi/14.2.0/../../../../arm-none-eabi/lib/thumb/nofp/libc.a(libc_a-fclose.o)
 .bss           0x2001c570        0x0 /usr/lib/gcc/arm-none-eabi/14.2.0/../../../../arm-none-eabi/lib/thumb/nofp/libc.a(libc_a-fflush.o)
 .bss           0x2001c570        0x0 /usr/lib/gcc/arm-none-eabi/14.2.0/../../../../arm-none-eabi/lib/thumb/nofp/libc.a(libc_a-sbrkr.o)
 .bss           0x2001c570        0x0 /usr/lib/gcc/arm-none-eabi/14.2.0/../../../../arm-none-eabi/lib/thumb/nofp/libc.a(libc_a-sysconf.o)
 .bss           0x2001c570        0x0 /usr/lib/gcc/arm-none-eabi/14.2.0/../../../../arm-none-eabi/lib/thumb/nofp/libc.a(libc_a-errno.o)
 .bss           0x2001c570        0x0 /usr/lib/gcc/arm-none-eabi/14.2.0/thumb/nofp/libgcc.a(_udivsi3.o)
 .bss           0x2001c570        0x0 /usr/lib/gcc/arm-none-eabi/14.2.0/thumb/nofp/libgcc.a(_dvmd_tls.o)
 .bss           0x2001c570        0x0 /usr/lib/gcc/arm-none-eabi/14.2.0/thumb/nofp/crtend.o
 .bss           0x2001c570        0x0 /usr/lib/gcc/arm-none-eabi/14.2.0/thumb/nofp/crtn.o
 *(.bss.*)
 .bss.completed.1
                0x2001c570        0x1 /usr/lib/gcc/arm-none-eabi/14.2.0/thumb/nofp/crtbegin.o
 *fill*         0x2001c571        0x3 
 .bss.object.0  0x2001c574       0x18 /usr/lib/gcc/arm-none-eabi/14.2.0/thumb/nofp/crtbegin.o
 .bss.rx_buffer
                0x2001c58c       0x4c periph/uart.o
 .bss.tx_buffer
                0x2001c5d8       0x4c periph/uart.o
 .bss.kernel_stack
                0x2001c624        0x4 kernel/kmain.o
                0x2001c624                kernel_stack
 .bss.scheduled_task.0
                0x2001c628        0x4 kernel/sched.o
 .bss.task_list
                0x2001c62c       0x70 kernel/sched.o
                0x2001c62c                task_list
 .bss.next      0x2001c69c        0x4 kernel/sched.o
                0x2001c69c                next
 .bss.current   0x2001c6a0        0x4 kernel/sched.o
                0x2001c6a0                current
 .bss.__sf      0x2001c6a4      0x138 /usr/lib/gcc/arm-none-eabi/14.2.0/../../../../arm-none-eabi/lib/thumb/nofp/libc.a(libc_a-findfp.o)
                0x2001c6a4                __sf
 .bss.__stdio_exit_handler
                0x2001c7dc        0x4 /usr/lib/gcc/arm-none-eabi/14.2.0/../../../../arm-none-eabi/lib/thumb/nofp/libc.a(libc_a-findfp.o)
                0x2001c7dc                __stdio_exit_handler
 .bss.errno     0x2001c7e0        0x4 /usr/lib/gcc/arm-none-eabi/14.2.0/../../../../arm-none-eabi/lib/thumb/nofp/libc.a(libc_a-reent.o)
                0x2001c7e0                errno
 .bss.__lock___arc4random_mutex
                0x2001c7e4        0x1 /usr/lib/gcc/arm-none-eabi/14.2.0/../../../../arm-none-eabi/lib/thumb/nofp/libc.a(libc_a-lock.o)
                0x2001c7e4                __lock___arc4random_mutex
 *fill*         0x2001c7e5        0x3 
 .bss.__lock___dd_hash_mutex
                0x2001c7e8        0x1 /usr/lib/gcc/arm-none-eabi/14.2.0/../../../../arm-none-eabi/lib/thumb/nofp/libc.a(libc_a-lock.o)
                0x2001c7e8                __lock___dd_hash_mutex
 *fill*         0x2001c7e9        0x3 
 .bss.__lock___tz_mutex
                0x2001c7ec        0x1 /usr/lib/gcc/arm-none-eabi/14.2.0/../../../../arm-none-eabi/lib/thumb/nofp/libc.a(libc_a-lock.o)
                0x2001c7ec                __lock___tz_mutex
 *fill*         0x2001c7ed        0x3 
 .bss.__lock___env_recursive_mutex
                0x2001c7f0        0x1 /usr/lib/gcc/arm-none-eabi/14.2.0/../../../../arm-none-eabi/lib/thumb/nofp/libc.a(libc_a-lock.o)
                0x2001c7f0                __lock___env_recursive_mutex
 *fill*         0x2001c7f1        0x3 
 .bss.__lock___malloc_recursive_mutex
                0x2001c7f4        0x1 /usr/lib/gcc/arm-none-eabi/14.2.0/../../../../arm-none-eabi/lib/thumb/nofp/libc.a(libc_a-lock.o)
                0x2001c7f4                __lock___malloc_recursive_mutex
 *fill*         0x2001c7f5        0x3 
 .bss.__lock___at_quick_exit_mutex
                0x2001c7f8        0x1 /usr/lib/gcc/arm-none-eabi/14.2.0/../../../../arm-none-eabi/lib/thumb/nofp/libc.a(libc_a-lock.o)
                0x2001c7f8                __lock___at_quick_exit_mutex
 *fill*         0x2001c7f9        0x3 
 .bss.__lock___atexit_recursive_mutex
                0x2001c7fc        0x1 /usr/lib/gcc/arm-none-eabi/14.2.0/../../../../arm-none-eabi/lib/thumb/nofp/libc.a(libc_a-lock.o)
                0x2001c7fc                __lock___atexit_recursive_mutex
 *fill*         0x2001c7fd        0x3 
 .bss.__lock___sfp_recursive_mutex
                0x2001c800        0x1 /usr/lib/gcc/arm-none-eabi/14.2.0/../../../../arm-none-eabi/lib/thumb/nofp/libc.a(libc_a-lock.o)
                0x2001c800                __lock___sfp_recursive_mutex
 *fill*         0x2001c801        0x3 
 .bss.__atexit0
                0x2001c804      0x190 /usr/lib/gcc/arm-none-eabi/14.2.0/../../../../arm-none-eabi/lib/thumb/nofp/libc.a(libc_a-__atexit.o)
                0x2001c804                __atexit0
 .bss.__atexit  0x2001c994        0x4 /usr/lib/gcc/arm-none-eabi/14.2.0/../../../../arm-none-eabi/lib/thumb/nofp/libc.a(libc_a-__call_atexit.o)
                0x2001c994                __atexit
 .bss.__malloc_current_mallinfo
                0x2001c998       0x28 /usr/lib/gcc/arm-none-eabi/14.2.0/../../../../arm-none-eabi/lib/thumb/nofp/libc.a(libc_a-mallocr.o)
                0x2001c998                __malloc_current_mallinfo
 .bss.__malloc_max_total_mem
                0x2001c9c0        0x4 /usr/lib/gcc/arm-none-eabi/14.2.0/../../../../arm-none-eabi/lib/thumb/nofp/libc.a(libc_a-mallocr.o)
                0x2001c9c0                __malloc_max_total_mem
 .bss.__malloc_max_sbrked_mem
                0x2001c9c4        0x4 /usr/lib/gcc/arm-none-eabi/14.2.0/../../../../arm-none-eabi/lib/thumb/nofp/libc.a(libc_a-mallocr.o)
                0x2001c9c4                __malloc_max_sbrked_mem
 .bss.__malloc_top_pad
                0x2001c9c8        0x4 /usr/lib/gcc/arm-none-eabi/14.2.0/../../../../arm-none-eabi/lib/thumb/nofp/libc.a(libc_a-mallocr.o)
                0x2001c9c8                __malloc_top_pad
 *(COMMON)
                0x2001c9cc                        . = ALIGN (0x4)
                0x2001c9cc                        PROVIDE (__bss_end = .)
                0x20020000                        __ram_end = (ORIGIN (KERNEL_RAM) + LENGTH (KERNEL_RAM))

.stab
 *(.stab)

.stabstr
 *(.stabstr)

.stab.excl
 *(.stab.excl)

.stab.exclstr
 *(.stab.exclstr)

.stab.index
 *(.stab.index)

.stab.indexstr
 *(.stab.indexstr)

.comment        0x00000000       0x1e
 *(.comment)
 .comment       0x00000000       0x1e svcalls/svc_button.o
                                 0x1f (size before relaxing)
 .comment       0x0000001e       0x1f svcalls/svc_getpid.o
 .comment       0x0000001e       0x1f svcalls/svc_nil.o
 .comment       0x0000001e       0x1f svcalls/svc_read.o
 .comment       0x0000001e       0x1f svcalls/svc_set_led.o
 .comment       0x0000001e       0x1f svcalls/svc_set_ring.o
 .comment       0x0000001e       0x1f svcalls/svc_write.o
 .comment       0x0000001e       0x1f periph/gpio.o
 .comment       0x0000001e       0x1f periph/llinit.o
 .comment       0x0000001e       0x1f periph/mpu.o
 .comment       0x0000001e       0x1f periph/pio-handler.o
 .comment       0x0000001e       0x1f periph/systick.o
 .comment       0x0000001e       0x1f periph/uart.o
 .comment       0x0000001e       0x1f periph/vect_priority.o
 .comment       0x0000001e       0x1f lib/kmem.o
 .comment       0x0000001e       0x1f lib/printk.o
 .comment       0x0000001e       0x1f kernel/kmain.o
 .comment       0x0000001e       0x1f kernel/sched.o
 .comment       0x0000001e       0x1f kernel/task.o
 .comment       0x0000001e       0x1f /usr/lib/gcc/arm-none-eabi/14.2.0/../../../../arm-none-eabi/lib/thumb/nofp/libc.a(libc_a-atexit.o)
 .comment       0x0000001e       0x1f /usr/lib/gcc/arm-none-eabi/14.2.0/../../../../arm-none-eabi/lib/thumb/nofp/libc.a(libc_a-exit.o)
 .comment       0x0000001e       0x1f /usr/lib/gcc/arm-none-eabi/14.2.0/../../../../arm-none-eabi/lib/thumb/nofp/libc.a(libc_a-findfp.o)
 .comment       0x0000001e       0x1f /usr/lib/gcc/arm-none-eabi/14.2.0/../../../../arm-none-eabi/lib/thumb/nofp/libc.a(libc_a-fwalk.o)
 .comment       0x0000001e       0x1f /usr/lib/gcc/arm-none-eabi/14.2.0/../../../../arm-none-eabi/lib/thumb/nofp/libc.a(libc_a-stdio.o)
 .comment       0x0000001e       0x1f /usr/lib/gcc/arm-none-eabi/14.2.0/../../../../arm-none-eabi/lib/thumb/nofp/libc.a(libc_a-memset.o)
 .comment       0x0000001e       0x1f /usr/lib/gcc/arm-none-eabi/14.2.0/../../../../arm-none-eabi/lib/thumb/nofp/libc.a(libc_a-closer.o)
 .comment       0x0000001e       0x1f /usr/lib/gcc/arm-none-eabi/14.2.0/../../../../arm-none-eabi/lib/thumb/nofp/libc.a(libc_a-reent.o)
 .comment       0x0000001e       0x1f /usr/lib/gcc/arm-none-eabi/14.2.0/../../../../arm-none-eabi/lib/thumb/nofp/libc.a(libc_a-impure.o)
 .comment       0x0000001e       0x1f /usr/lib/gcc/arm-none-eabi/14.2.0/../../../../arm-none-eabi/lib/thumb/nofp/libc.a(libc_a-lseekr.o)
 .comment       0x0000001e       0x1f /usr/lib/gcc/arm-none-eabi/14.2.0/../../../../arm-none-eabi/lib/thumb/nofp/libc.a(libc_a-readr.o)
 .comment       0x0000001e       0x1f /usr/lib/gcc/arm-none-eabi/14.2.0/../../../../arm-none-eabi/lib/thumb/nofp/libc.a(libc_a-writer.o)
 .comment       0x0000001e       0x1f /usr/lib/gcc/arm-none-eabi/14.2.0/../../../../arm-none-eabi/lib/thumb/nofp/libc.a(libc_a-init.o)
 .comment       0x0000001e       0x1f /usr/lib/gcc/arm-none-eabi/14.2.0/../../../../arm-none-eabi/lib/thumb/nofp/libc.a(libc_a-fini.o)
 .comment       0x0000001e       0x1f /usr/lib/gcc/arm-none-eabi/14.2.0/../../../../arm-none-eabi/lib/thumb/nofp/libc.a(libc_a-lock.o)
 .comment       0x0000001e       0x1f /usr/lib/gcc/arm-none-eabi/14.2.0/../../../../arm-none-eabi/lib/thumb/nofp/libc.a(libc_a-__atexit.o)
 .comment       0x0000001e       0x1f /usr/lib/gcc/arm-none-eabi/14.2.0/../../../../arm-none-eabi/lib/thumb/nofp/libc.a(libc_a-__call_atexit.o)
 .comment       0x0000001e       0x1f /usr/lib/gcc/arm-none-eabi/14.2.0/../../../../arm-none-eabi/lib/thumb/nofp/libc.a(libc_a-freer.o)
 .comment       0x0000001e       0x1f /usr/lib/gcc/arm-none-eabi/14.2.0/../../../../arm-none-eabi/lib/thumb/nofp/libc.a(libc_a-mallocr.o)
 .comment       0x0000001e       0x1f /usr/lib/gcc/arm-none-eabi/14.2.0/../../../../arm-none-eabi/lib/thumb/nofp/libc.a(libc_a-mlock.o)
 .comment       0x0000001e       0x1f /usr/lib/gcc/arm-none-eabi/14.2.0/../../../../arm-none-eabi/lib/thumb/nofp/libc.a(libc_a-fclose.o)
 .comment       0x0000001e       0x1f /usr/lib/gcc/arm-none-eabi/14.2.0/../../../../arm-none-eabi/lib/thumb/nofp/libc.a(libc_a-fflush.o)
 .comment       0x0000001e       0x1f /usr/lib/gcc/arm-none-eabi/14.2.0/../../../../arm-none-eabi/lib/thumb/nofp/libc.a(libc_a-sbrkr.o)
 .comment       0x0000001e       0x1f /usr/lib/gcc/arm-none-eabi/14.2.0/../../../../arm-none-eabi/lib/thumb/nofp/libc.a(libc_a-sysconf.o)
 .comment       0x0000001e       0x1f /usr/lib/gcc/arm-none-eabi/14.2.0/../../../../arm-none-eabi/lib/thumb/nofp/libc.a(libc_a-errno.o)

.ARM.attributes
                0x00000000       0x2d
 .ARM.attributes
                0x00000000       0x1c /usr/lib/gcc/arm-none-eabi/14.2.0/thumb/nofp/crti.o
 .ARM.attributes
                0x0000001c       0x2a /usr/lib/gcc/arm-none-eabi/14.2.0/thumb/nofp/crtbegin.o
 .ARM.attributes
                0x00000046       0x1a /usr/lib/gcc/arm-none-eabi/14.2.0/../../../../arm-none-eabi/lib/thumb/nofp/crt0.o
 .ARM.attributes
                0x00000060       0x22 asm_core/asm_vectors.o
 .ARM.attributes
                0x00000082       0x22 asm_core/bl2.o
 .ARM.attributes
                0x000000a4       0x1c asm_core/exec.o
 .ARM.attributes
                0x000000c0       0x1c asm_core/mpu_ctrl.o
 .ARM.attributes
                0x000000dc       0x1c asm_core/sched_helper.o
 .ARM.attributes
                0x000000f8       0x22 asm_core/startup.o
 .ARM.attributes
                0x0000011a       0x1c asm_core/syscall.o
 .ARM.attributes
                0x00000136       0x1c lib/flog2.o
 .ARM.attributes
                0x00000152       0x1c lib/stacks.o
 .ARM.attributes
                0x0000016e       0x2c svcalls/svc_button.o
 .ARM.attributes
                0x0000019a       0x2c svcalls/svc_getpid.o
 .ARM.attributes
                0x000001c6       0x2c svcalls/svc_nil.o
 .ARM.attributes
                0x000001f2       0x2c svcalls/svc_read.o
 .ARM.attributes
                0x0000021e       0x2c svcalls/svc_set_led.o
 .ARM.attributes
                0x0000024a       0x2c svcalls/svc_set_ring.o
 .ARM.attributes
                0x00000276       0x2c svcalls/svc_write.o
 .ARM.attributes
                0x000002a2       0x2c periph/gpio.o
 .ARM.attributes
                0x000002ce       0x2c periph/llinit.o
 .ARM.attributes
                0x000002fa       0x2c periph/mpu.o
 .ARM.attributes
                0x00000326       0x2c periph/pio-handler.o
 .ARM.attributes
                0x00000352       0x2c periph/systick.o
 .ARM.attributes
                0x0000037e       0x2c periph/uart.o
 .ARM.attributes
                0x000003aa       0x2c periph/vect_priority.o
 .ARM.attributes
                0x000003d6       0x2c lib/kmem.o
 .ARM.attributes
                0x00000402       0x2c lib/printk.o
 .ARM.attributes
                0x0000042e       0x2c kernel/kmain.o
 .ARM.attributes
                0x0000045a       0x2c kernel/sched.o
 .ARM.attributes
                0x00000486       0x2c kernel/task.o
 .ARM.attributes
                0x000004b2       0x2a /usr/lib/gcc/arm-none-eabi/14.2.0/../../../../arm-none-eabi/lib/thumb/nofp/libc.a(libc_a-atexit.o)
 .ARM.attributes
                0x000004dc       0x2a /usr/lib/gcc/arm-none-eabi/14.2.0/../../../../arm-none-eabi/lib/thumb/nofp/libc.a(libc_a-exit.o)
 .ARM.attributes
                0x00000506       0x2a /usr/lib/gcc/arm-none-eabi/14.2.0/../../../../arm-none-eabi/lib/thumb/nofp/libc.a(libc_a-findfp.o)
 .ARM.attributes
                0x00000530       0x2a /usr/lib/gcc/arm-none-eabi/14.2.0/../../../../arm-none-eabi/lib/thumb/nofp/libc.a(libc_a-fwalk.o)
 .ARM.attributes
                0x0000055a       0x2a /usr/lib/gcc/arm-none-eabi/14.2.0/../../../../arm-none-eabi/lib/thumb/nofp/libc.a(libc_a-stdio.o)
 .ARM.attributes
                0x00000584       0x2a /usr/lib/gcc/arm-none-eabi/14.2.0/../../../../arm-none-eabi/lib/thumb/nofp/libc.a(libc_a-memset.o)
 .ARM.attributes
                0x000005ae       0x2a /usr/lib/gcc/arm-none-eabi/14.2.0/../../../../arm-none-eabi/lib/thumb/nofp/libc.a(libc_a-closer.o)
 .ARM.attributes
                0x000005d8       0x2a /usr/lib/gcc/arm-none-eabi/14.2.0/../../../../arm-none-eabi/lib/thumb/nofp/libc.a(libc_a-reent.o)
 .ARM.attributes
                0x00000602       0x2a /usr/lib/gcc/arm-none-eabi/14.2.0/../../../../arm-none-eabi/lib/thumb/nofp/libc.a(libc_a-impure.o)
 .ARM.attributes
                0x0000062c       0x2a /usr/lib/gcc/arm-none-eabi/14.2.0/../../../../arm-none-eabi/lib/thumb/nofp/libc.a(libc_a-lseekr.o)
 .ARM.attributes
                0x00000656       0x2a /usr/lib/gcc/arm-none-eabi/14.2.0/../../../../arm-none-eabi/lib/thumb/nofp/libc.a(libc_a-readr.o)
 .ARM.attributes
                0x00000680       0x2a /usr/lib/gcc/arm-none-eabi/14.2.0/../../../../arm-none-eabi/lib/thumb/nofp/libc.a(libc_a-writer.o)
 .ARM.attributes
                0x000006aa       0x2a /usr/lib/gcc/arm-none-eabi/14.2.0/../../../../arm-none-eabi/lib/thumb/nofp/libc.a(libc_a-init.o)
 .ARM.attributes
                0x000006d4       0x2a /usr/lib/gcc/arm-none-eabi/14.2.0/../../../../arm-none-eabi/lib/thumb/nofp/libc.a(libc_a-fini.o)
 .ARM.attributes
                0x000006fe       0x2a /usr/lib/gcc/arm-none-eabi/14.2.0/../../../../arm-none-eabi/lib/thumb/nofp/libc.a(libc_a-lock.o)
 .ARM.attributes
                0x00000728       0x2a /usr/lib/gcc/arm-none-eabi/14.2.0/../../../../arm-none-eabi/lib/thumb/nofp/libc.a(libc_a-__atexit.o)
 .ARM.attributes
                0x00000752       0x2a /usr/lib/gcc/arm-none-eabi/14.2.0/../../../../arm-none-eabi/lib/thumb/nofp/libc.a(libc_a-__call_atexit.o)
 .ARM.attributes
                0x0000077c       0x2a /usr/lib/gcc/arm-none-eabi/14.2.0/../../../../arm-none-eabi/lib/thumb/nofp/libc.a(libc_a-freer.o)
 .ARM.attributes
                0x000007a6       0x2a /usr/lib/gcc/arm-none-eabi/14.2.0/../../../../arm-none-eabi/lib/thumb/nofp/libc.a(libc_a-mallocr.o)
 .ARM.attributes
                0x000007d0       0x2a /usr/lib/gcc/arm-none-eabi/14.2.0/../../../../arm-none-eabi/lib/thumb/nofp/libc.a(libc_a-mlock.o)
 .ARM.attributes
                0x000007fa       0x2a /usr/lib/gcc/arm-none-eabi/14.2.0/../../../../arm-none-eabi/lib/thumb/nofp/libc.a(libc_a-fclose.o)
 .ARM.attributes
                0x00000824       0x2a /usr/lib/gcc/arm-none-eabi/14.2.0/../../../../arm-none-eabi/lib/thumb/nofp/libc.a(libc_a-fflush.o)
 .ARM.attributes
                0x0000084e       0x2a /usr/lib/gcc/arm-none-eabi/14.2.0/../../../../arm-none-eabi/lib/thumb/nofp/libc.a(libc_a-sbrkr.o)
 .ARM.attributes
                0x00000878       0x2a /usr/lib/gcc/arm-none-eabi/14.2.0/../../../../arm-none-eabi/lib/thumb/nofp/libc.a(libc_a-sysconf.o)
 .ARM.attributes
                0x000008a2       0x2a /usr/lib/gcc/arm-none-eabi/14.2.0/../../../../arm-none-eabi/lib/thumb/nofp/libc.a(libc_a-errno.o)
 .ARM.attributes
                0x000008cc       0x1c /usr/lib/gcc/arm-none-eabi/14.2.0/thumb/nofp/libgcc.a(_udivsi3.o)
 .ARM.attributes
                0x000008e8       0x1c /usr/lib/gcc/arm-none-eabi/14.2.0/thumb/nofp/libgcc.a(_dvmd_tls.o)
 .ARM.attributes
                0x00000904       0x2a /usr/lib/gcc/arm-none-eabi/14.2.0/thumb/nofp/crtend.o
 .ARM.attributes
                0x0000092e       0x1c /usr/lib/gcc/arm-none-eabi/14.2.0/thumb/nofp/crtn.o

.debug
 *(.debug)

.line
 *(.line)

.debug_srcinfo
 *(.debug_srcinfo)

.debug_sfnames
 *(.debug_sfnames)

.debug_aranges  0x00000000      0x440
 *(.debug_aranges)
 .debug_aranges
                0x00000000       0x20 /usr/lib/gcc/arm-none-eabi/14.2.0/../../../../arm-none-eabi/lib/thumb/nofp/libc.a(libc_a-atexit.o)
 .debug_aranges
                0x00000020       0x20 /usr/lib/gcc/arm-none-eabi/14.2.0/../../../../arm-none-eabi/lib/thumb/nofp/libc.a(libc_a-exit.o)
 .debug_aranges
                0x00000040       0x70 /usr/lib/gcc/arm-none-eabi/14.2.0/../../../../arm-none-eabi/lib/thumb/nofp/libc.a(libc_a-findfp.o)
 .debug_aranges
                0x000000b0       0x20 /usr/lib/gcc/arm-none-eabi/14.2.0/../../../../arm-none-eabi/lib/thumb/nofp/libc.a(libc_a-fwalk.o)
 .debug_aranges
                0x000000d0       0x40 /usr/lib/gcc/arm-none-eabi/14.2.0/../../../../arm-none-eabi/lib/thumb/nofp/libc.a(libc_a-stdio.o)
 .debug_aranges
                0x00000110       0x20 /usr/lib/gcc/arm-none-eabi/14.2.0/../../../../arm-none-eabi/lib/thumb/nofp/libc.a(libc_a-memset.o)
 .debug_aranges
                0x00000130       0x20 /usr/lib/gcc/arm-none-eabi/14.2.0/../../../../arm-none-eabi/lib/thumb/nofp/libc.a(libc_a-closer.o)
 .debug_aranges
                0x00000150       0x20 /usr/lib/gcc/arm-none-eabi/14.2.0/../../../../arm-none-eabi/lib/thumb/nofp/libc.a(libc_a-reent.o)
 .debug_aranges
                0x00000170       0x18 /usr/lib/gcc/arm-none-eabi/14.2.0/../../../../arm-none-eabi/lib/thumb/nofp/libc.a(libc_a-impure.o)
 .debug_aranges
                0x00000188       0x20 /usr/lib/gcc/arm-none-eabi/14.2.0/../../../../arm-none-eabi/lib/thumb/nofp/libc.a(libc_a-lseekr.o)
 .debug_aranges
                0x000001a8       0x20 /usr/lib/gcc/arm-none-eabi/14.2.0/../../../../arm-none-eabi/lib/thumb/nofp/libc.a(libc_a-readr.o)
 .debug_aranges
                0x000001c8       0x20 /usr/lib/gcc/arm-none-eabi/14.2.0/../../../../arm-none-eabi/lib/thumb/nofp/libc.a(libc_a-writer.o)
 .debug_aranges
                0x000001e8       0x20 /usr/lib/gcc/arm-none-eabi/14.2.0/../../../../arm-none-eabi/lib/thumb/nofp/libc.a(libc_a-init.o)
 .debug_aranges
                0x00000208       0x20 /usr/lib/gcc/arm-none-eabi/14.2.0/../../../../arm-none-eabi/lib/thumb/nofp/libc.a(libc_a-fini.o)
 .debug_aranges
                0x00000228       0x68 /usr/lib/gcc/arm-none-eabi/14.2.0/../../../../arm-none-eabi/lib/thumb/nofp/libc.a(libc_a-lock.o)
 .debug_aranges
                0x00000290       0x20 /usr/lib/gcc/arm-none-eabi/14.2.0/../../../../arm-none-eabi/lib/thumb/nofp/libc.a(libc_a-__atexit.o)
 .debug_aranges
                0x000002b0       0x28 /usr/lib/gcc/arm-none-eabi/14.2.0/../../../../arm-none-eabi/lib/thumb/nofp/libc.a(libc_a-__call_atexit.o)
 .debug_aranges
                0x000002d8       0x28 /usr/lib/gcc/arm-none-eabi/14.2.0/../../../../arm-none-eabi/lib/thumb/nofp/libc.a(libc_a-freer.o)
 .debug_aranges
                0x00000300       0x20 /usr/lib/gcc/arm-none-eabi/14.2.0/../../../../arm-none-eabi/lib/thumb/nofp/libc.a(libc_a-mallocr.o)
 .debug_aranges
                0x00000320       0x28 /usr/lib/gcc/arm-none-eabi/14.2.0/../../../../arm-none-eabi/lib/thumb/nofp/libc.a(libc_a-mlock.o)
 .debug_aranges
                0x00000348       0x28 /usr/lib/gcc/arm-none-eabi/14.2.0/../../../../arm-none-eabi/lib/thumb/nofp/libc.a(libc_a-fclose.o)
 .debug_aranges
                0x00000370       0x30 /usr/lib/gcc/arm-none-eabi/14.2.0/../../../../arm-none-eabi/lib/thumb/nofp/libc.a(libc_a-fflush.o)
 .debug_aranges
                0x000003a0       0x20 /usr/lib/gcc/arm-none-eabi/14.2.0/../../../../arm-none-eabi/lib/thumb/nofp/libc.a(libc_a-sbrkr.o)
 .debug_aranges
                0x000003c0       0x20 /usr/lib/gcc/arm-none-eabi/14.2.0/../../../../arm-none-eabi/lib/thumb/nofp/libc.a(libc_a-sysconf.o)
 .debug_aranges
                0x000003e0       0x20 /usr/lib/gcc/arm-none-eabi/14.2.0/../../../../arm-none-eabi/lib/thumb/nofp/libc.a(libc_a-errno.o)
 .debug_aranges
                0x00000400       0x20 /usr/lib/gcc/arm-none-eabi/14.2.0/thumb/nofp/libgcc.a(_udivsi3.o)
 .debug_aranges
                0x00000420       0x20 /usr/lib/gcc/arm-none-eabi/14.2.0/thumb/nofp/libgcc.a(_dvmd_tls.o)

.debug_pubnames
 *(.debug_pubnames)

.debug_info     0x00000000     0xa3f2
 *(.debug_info .gnu.linkonce.wi.*)
 .debug_info    0x00000000      0x11e /usr/lib/gcc/arm-none-eabi/14.2.0/../../../../arm-none-eabi/lib/thumb/nofp/libc.a(libc_a-atexit.o)
 .debug_info    0x0000011e      0x10a /usr/lib/gcc/arm-none-eabi/14.2.0/../../../../arm-none-eabi/lib/thumb/nofp/libc.a(libc_a-exit.o)
 .debug_info    0x00000228     0x1133 /usr/lib/gcc/arm-none-eabi/14.2.0/../../../../arm-none-eabi/lib/thumb/nofp/libc.a(libc_a-findfp.o)
 .debug_info    0x0000135b      0x80b /usr/lib/gcc/arm-none-eabi/14.2.0/../../../../arm-none-eabi/lib/thumb/nofp/libc.a(libc_a-fwalk.o)
 .debug_info    0x00001b66      0xab7 /usr/lib/gcc/arm-none-eabi/14.2.0/../../../../arm-none-eabi/lib/thumb/nofp/libc.a(libc_a-stdio.o)
 .debug_info    0x0000261d      0x135 /usr/lib/gcc/arm-none-eabi/14.2.0/../../../../arm-none-eabi/lib/thumb/nofp/libc.a(libc_a-memset.o)
 .debug_info    0x00002752      0x798 /usr/lib/gcc/arm-none-eabi/14.2.0/../../../../arm-none-eabi/lib/thumb/nofp/libc.a(libc_a-closer.o)
 .debug_info    0x00002eea      0x851 /usr/lib/gcc/arm-none-eabi/14.2.0/../../../../arm-none-eabi/lib/thumb/nofp/libc.a(libc_a-reent.o)
 .debug_info    0x0000373b      0x750 /usr/lib/gcc/arm-none-eabi/14.2.0/../../../../arm-none-eabi/lib/thumb/nofp/libc.a(libc_a-impure.o)
 .debug_info    0x00003e8b      0x7e3 /usr/lib/gcc/arm-none-eabi/14.2.0/../../../../arm-none-eabi/lib/thumb/nofp/libc.a(libc_a-lseekr.o)
 .debug_info    0x0000466e      0x7fa /usr/lib/gcc/arm-none-eabi/14.2.0/../../../../arm-none-eabi/lib/thumb/nofp/libc.a(libc_a-readr.o)
 .debug_info    0x00004e68      0x800 /usr/lib/gcc/arm-none-eabi/14.2.0/../../../../arm-none-eabi/lib/thumb/nofp/libc.a(libc_a-writer.o)
 .debug_info    0x00005668      0x10b /usr/lib/gcc/arm-none-eabi/14.2.0/../../../../arm-none-eabi/lib/thumb/nofp/libc.a(libc_a-init.o)
 .debug_info    0x00005773       0xf7 /usr/lib/gcc/arm-none-eabi/14.2.0/../../../../arm-none-eabi/lib/thumb/nofp/libc.a(libc_a-fini.o)
 .debug_info    0x0000586a      0x218 /usr/lib/gcc/arm-none-eabi/14.2.0/../../../../arm-none-eabi/lib/thumb/nofp/libc.a(libc_a-lock.o)
 .debug_info    0x00005a82      0x25f /usr/lib/gcc/arm-none-eabi/14.2.0/../../../../arm-none-eabi/lib/thumb/nofp/libc.a(libc_a-__atexit.o)
 .debug_info    0x00005ce1      0x2dd /usr/lib/gcc/arm-none-eabi/14.2.0/../../../../arm-none-eabi/lib/thumb/nofp/libc.a(libc_a-__call_atexit.o)
 .debug_info    0x00005fbe      0xb71 /usr/lib/gcc/arm-none-eabi/14.2.0/../../../../arm-none-eabi/lib/thumb/nofp/libc.a(libc_a-freer.o)
 .debug_info    0x00006b2f      0xcf0 /usr/lib/gcc/arm-none-eabi/14.2.0/../../../../arm-none-eabi/lib/thumb/nofp/libc.a(libc_a-mallocr.o)
 .debug_info    0x0000781f      0x7a6 /usr/lib/gcc/arm-none-eabi/14.2.0/../../../../arm-none-eabi/lib/thumb/nofp/libc.a(libc_a-mlock.o)
 .debug_info    0x00007fc5      0x90c /usr/lib/gcc/arm-none-eabi/14.2.0/../../../../arm-none-eabi/lib/thumb/nofp/libc.a(libc_a-fclose.o)
 .debug_info    0x000088d1      0xaf3 /usr/lib/gcc/arm-none-eabi/14.2.0/../../../../arm-none-eabi/lib/thumb/nofp/libc.a(libc_a-fflush.o)
 .debug_info    0x000093c4      0x7bd /usr/lib/gcc/arm-none-eabi/14.2.0/../../../../arm-none-eabi/lib/thumb/nofp/libc.a(libc_a-sbrkr.o)
 .debug_info    0x00009b81       0xc1 /usr/lib/gcc/arm-none-eabi/14.2.0/../../../../arm-none-eabi/lib/thumb/nofp/libc.a(libc_a-sysconf.o)
 .debug_info    0x00009c42      0x736 /usr/lib/gcc/arm-none-eabi/14.2.0/../../../../arm-none-eabi/lib/thumb/nofp/libc.a(libc_a-errno.o)
 .debug_info    0x0000a378       0x3e /usr/lib/gcc/arm-none-eabi/14.2.0/thumb/nofp/libgcc.a(_udivsi3.o)
 .debug_info    0x0000a3b6       0x3c /usr/lib/gcc/arm-none-eabi/14.2.0/thumb/nofp/libgcc.a(_dvmd_tls.o)

.debug_abbrev   0x00000000     0x2e03
 *(.debug_abbrev)
 .debug_abbrev  0x00000000       0xbe /usr/lib/gcc/arm-none-eabi/14.2.0/../../../../arm-none-eabi/lib/thumb/nofp/libc.a(libc_a-atexit.o)
 .debug_abbrev  0x000000be       0xd5 /usr/lib/gcc/arm-none-eabi/14.2.0/../../../../arm-none-eabi/lib/thumb/nofp/libc.a(libc_a-exit.o)
 .debug_abbrev  0x00000193      0x473 /usr/lib/gcc/arm-none-eabi/14.2.0/../../../../arm-none-eabi/lib/thumb/nofp/libc.a(libc_a-findfp.o)
 .debug_abbrev  0x00000606      0x1d9 /usr/lib/gcc/arm-none-eabi/14.2.0/../../../../arm-none-eabi/lib/thumb/nofp/libc.a(libc_a-fwalk.o)
 .debug_abbrev  0x000007df      0x242 /usr/lib/gcc/arm-none-eabi/14.2.0/../../../../arm-none-eabi/lib/thumb/nofp/libc.a(libc_a-stdio.o)
 .debug_abbrev  0x00000a21       0xb7 /usr/lib/gcc/arm-none-eabi/14.2.0/../../../../arm-none-eabi/lib/thumb/nofp/libc.a(libc_a-memset.o)
 .debug_abbrev  0x00000ad8      0x1ec /usr/lib/gcc/arm-none-eabi/14.2.0/../../../../arm-none-eabi/lib/thumb/nofp/libc.a(libc_a-closer.o)
 .debug_abbrev  0x00000cc4      0x227 /usr/lib/gcc/arm-none-eabi/14.2.0/../../../../arm-none-eabi/lib/thumb/nofp/libc.a(libc_a-reent.o)
 .debug_abbrev  0x00000eeb      0x185 /usr/lib/gcc/arm-none-eabi/14.2.0/../../../../arm-none-eabi/lib/thumb/nofp/libc.a(libc_a-impure.o)
 .debug_abbrev  0x00001070      0x200 /usr/lib/gcc/arm-none-eabi/14.2.0/../../../../arm-none-eabi/lib/thumb/nofp/libc.a(libc_a-lseekr.o)
 .debug_abbrev  0x00001270      0x1ec /usr/lib/gcc/arm-none-eabi/14.2.0/../../../../arm-none-eabi/lib/thumb/nofp/libc.a(libc_a-readr.o)
 .debug_abbrev  0x0000145c      0x1f1 /usr/lib/gcc/arm-none-eabi/14.2.0/../../../../arm-none-eabi/lib/thumb/nofp/libc.a(libc_a-writer.o)
 .debug_abbrev  0x0000164d       0xc9 /usr/lib/gcc/arm-none-eabi/14.2.0/../../../../arm-none-eabi/lib/thumb/nofp/libc.a(libc_a-init.o)
 .debug_abbrev  0x00001716       0xc9 /usr/lib/gcc/arm-none-eabi/14.2.0/../../../../arm-none-eabi/lib/thumb/nofp/libc.a(libc_a-fini.o)
 .debug_abbrev  0x000017df      0x115 /usr/lib/gcc/arm-none-eabi/14.2.0/../../../../arm-none-eabi/lib/thumb/nofp/libc.a(libc_a-lock.o)
 .debug_abbrev  0x000018f4      0x189 /usr/lib/gcc/arm-none-eabi/14.2.0/../../../../arm-none-eabi/lib/thumb/nofp/libc.a(libc_a-__atexit.o)
 .debug_abbrev  0x00001a7d      0x200 /usr/lib/gcc/arm-none-eabi/14.2.0/../../../../arm-none-eabi/lib/thumb/nofp/libc.a(libc_a-__call_atexit.o)
 .debug_abbrev  0x00001c7d      0x289 /usr/lib/gcc/arm-none-eabi/14.2.0/../../../../arm-none-eabi/lib/thumb/nofp/libc.a(libc_a-freer.o)
 .debug_abbrev  0x00001f06      0x2d7 /usr/lib/gcc/arm-none-eabi/14.2.0/../../../../arm-none-eabi/lib/thumb/nofp/libc.a(libc_a-mallocr.o)
 .debug_abbrev  0x000021dd      0x1f8 /usr/lib/gcc/arm-none-eabi/14.2.0/../../../../arm-none-eabi/lib/thumb/nofp/libc.a(libc_a-mlock.o)
 .debug_abbrev  0x000023d5      0x296 /usr/lib/gcc/arm-none-eabi/14.2.0/../../../../arm-none-eabi/lib/thumb/nofp/libc.a(libc_a-fclose.o)
 .debug_abbrev  0x0000266b      0x31a /usr/lib/gcc/arm-none-eabi/14.2.0/../../../../arm-none-eabi/lib/thumb/nofp/libc.a(libc_a-fflush.o)
 .debug_abbrev  0x00002985      0x216 /usr/lib/gcc/arm-none-eabi/14.2.0/../../../../arm-none-eabi/lib/thumb/nofp/libc.a(libc_a-sbrkr.o)
 .debug_abbrev  0x00002b9b       0x80 /usr/lib/gcc/arm-none-eabi/14.2.0/../../../../arm-none-eabi/lib/thumb/nofp/libc.a(libc_a-sysconf.o)
 .debug_abbrev  0x00002c1b      0x19a /usr/lib/gcc/arm-none-eabi/14.2.0/../../../../arm-none-eabi/lib/thumb/nofp/libc.a(libc_a-errno.o)
 .debug_abbrev  0x00002db5       0x28 /usr/lib/gcc/arm-none-eabi/14.2.0/thumb/nofp/libgcc.a(_udivsi3.o)
 .debug_abbrev  0x00002ddd       0x26 /usr/lib/gcc/arm-none-eabi/14.2.0/thumb/nofp/libgcc.a(_dvmd_tls.o)

.debug_line     0x00000000     0x3eda
 *(.debug_line .debug_line.* .debug_line_end)
 .debug_line    0x00000000       0xe4 /usr/lib/gcc/arm-none-eabi/14.2.0/../../../../arm-none-eabi/lib/thumb/nofp/libc.a(libc_a-atexit.o)
 .debug_line    0x000000e4      0x162 /usr/lib/gcc/arm-none-eabi/14.2.0/../../../../arm-none-eabi/lib/thumb/nofp/libc.a(libc_a-exit.o)
 .debug_line    0x00000246      0x775 /usr/lib/gcc/arm-none-eabi/14.2.0/../../../../arm-none-eabi/lib/thumb/nofp/libc.a(libc_a-findfp.o)
 .debug_line    0x000009bb      0x1db /usr/lib/gcc/arm-none-eabi/14.2.0/../../../../arm-none-eabi/lib/thumb/nofp/libc.a(libc_a-fwalk.o)
 .debug_line    0x00000b96      0x298 /usr/lib/gcc/arm-none-eabi/14.2.0/../../../../arm-none-eabi/lib/thumb/nofp/libc.a(libc_a-stdio.o)
 .debug_line    0x00000e2e      0x1cc /usr/lib/gcc/arm-none-eabi/14.2.0/../../../../arm-none-eabi/lib/thumb/nofp/libc.a(libc_a-memset.o)
 .debug_line    0x00000ffa      0x1bc /usr/lib/gcc/arm-none-eabi/14.2.0/../../../../arm-none-eabi/lib/thumb/nofp/libc.a(libc_a-closer.o)
 .debug_line    0x000011b6      0x211 /usr/lib/gcc/arm-none-eabi/14.2.0/../../../../arm-none-eabi/lib/thumb/nofp/libc.a(libc_a-reent.o)
 .debug_line    0x000013c7      0x105 /usr/lib/gcc/arm-none-eabi/14.2.0/../../../../arm-none-eabi/lib/thumb/nofp/libc.a(libc_a-impure.o)
 .debug_line    0x000014cc      0x1b7 /usr/lib/gcc/arm-none-eabi/14.2.0/../../../../arm-none-eabi/lib/thumb/nofp/libc.a(libc_a-lseekr.o)
 .debug_line    0x00001683      0x1b6 /usr/lib/gcc/arm-none-eabi/14.2.0/../../../../arm-none-eabi/lib/thumb/nofp/libc.a(libc_a-readr.o)
 .debug_line    0x00001839      0x1b7 /usr/lib/gcc/arm-none-eabi/14.2.0/../../../../arm-none-eabi/lib/thumb/nofp/libc.a(libc_a-writer.o)
 .debug_line    0x000019f0      0x118 /usr/lib/gcc/arm-none-eabi/14.2.0/../../../../arm-none-eabi/lib/thumb/nofp/libc.a(libc_a-init.o)
 .debug_line    0x00001b08       0xe4 /usr/lib/gcc/arm-none-eabi/14.2.0/../../../../arm-none-eabi/lib/thumb/nofp/libc.a(libc_a-fini.o)
 .debug_line    0x00001bec      0x17a /usr/lib/gcc/arm-none-eabi/14.2.0/../../../../arm-none-eabi/lib/thumb/nofp/libc.a(libc_a-lock.o)
 .debug_line    0x00001d66      0x197 /usr/lib/gcc/arm-none-eabi/14.2.0/../../../../arm-none-eabi/lib/thumb/nofp/libc.a(libc_a-__atexit.o)
 .debug_line    0x00001efd      0x2e2 /usr/lib/gcc/arm-none-eabi/14.2.0/../../../../arm-none-eabi/lib/thumb/nofp/libc.a(libc_a-__call_atexit.o)
 .debug_line    0x000021df      0x598 /usr/lib/gcc/arm-none-eabi/14.2.0/../../../../arm-none-eabi/lib/thumb/nofp/libc.a(libc_a-freer.o)
 .debug_line    0x00002777      0x96c /usr/lib/gcc/arm-none-eabi/14.2.0/../../../../arm-none-eabi/lib/thumb/nofp/libc.a(libc_a-mallocr.o)
 .debug_line    0x000030e3      0x1a3 /usr/lib/gcc/arm-none-eabi/14.2.0/../../../../arm-none-eabi/lib/thumb/nofp/libc.a(libc_a-mlock.o)
 .debug_line    0x00003286      0x2d9 /usr/lib/gcc/arm-none-eabi/14.2.0/../../../../arm-none-eabi/lib/thumb/nofp/libc.a(libc_a-fclose.o)
 .debug_line    0x0000355f      0x4da /usr/lib/gcc/arm-none-eabi/14.2.0/../../../../arm-none-eabi/lib/thumb/nofp/libc.a(libc_a-fflush.o)
 .debug_line    0x00003a39      0x1bc /usr/lib/gcc/arm-none-eabi/14.2.0/../../../../arm-none-eabi/lib/thumb/nofp/libc.a(libc_a-sbrkr.o)
 .debug_line    0x00003bf5      0x106 /usr/lib/gcc/arm-none-eabi/14.2.0/../../../../arm-none-eabi/lib/thumb/nofp/libc.a(libc_a-sysconf.o)
 .debug_line    0x00003cfb      0x134 /usr/lib/gcc/arm-none-eabi/14.2.0/../../../../arm-none-eabi/lib/thumb/nofp/libc.a(libc_a-errno.o)
 .debug_line    0x00003e2f       0x61 /usr/lib/gcc/arm-none-eabi/14.2.0/thumb/nofp/libgcc.a(_udivsi3.o)
 .debug_line    0x00003e90       0x4a /usr/lib/gcc/arm-none-eabi/14.2.0/thumb/nofp/libgcc.a(_dvmd_tls.o)

.debug_frame    0x00000000      0x70c
 *(.debug_frame)
 .debug_frame   0x00000000       0x28 /usr/lib/gcc/arm-none-eabi/14.2.0/../../../../arm-none-eabi/lib/thumb/nofp/libc.a(libc_a-atexit.o)
 .debug_frame   0x00000028       0x28 /usr/lib/gcc/arm-none-eabi/14.2.0/../../../../arm-none-eabi/lib/thumb/nofp/libc.a(libc_a-exit.o)
 .debug_frame   0x00000050      0x138 /usr/lib/gcc/arm-none-eabi/14.2.0/../../../../arm-none-eabi/lib/thumb/nofp/libc.a(libc_a-findfp.o)
 .debug_frame   0x00000188       0x38 /usr/lib/gcc/arm-none-eabi/14.2.0/../../../../arm-none-eabi/lib/thumb/nofp/libc.a(libc_a-fwalk.o)
 .debug_frame   0x000001c0       0x90 /usr/lib/gcc/arm-none-eabi/14.2.0/../../../../arm-none-eabi/lib/thumb/nofp/libc.a(libc_a-stdio.o)
 .debug_frame   0x00000250       0x30 /usr/lib/gcc/arm-none-eabi/14.2.0/../../../../arm-none-eabi/lib/thumb/nofp/libc.a(libc_a-memset.o)
 .debug_frame   0x00000280       0x2c /usr/lib/gcc/arm-none-eabi/14.2.0/../../../../arm-none-eabi/lib/thumb/nofp/libc.a(libc_a-closer.o)
 .debug_frame   0x000002ac       0x2c /usr/lib/gcc/arm-none-eabi/14.2.0/../../../../arm-none-eabi/lib/thumb/nofp/libc.a(libc_a-reent.o)
 .debug_frame   0x000002d8       0x2c /usr/lib/gcc/arm-none-eabi/14.2.0/../../../../arm-none-eabi/lib/thumb/nofp/libc.a(libc_a-lseekr.o)
 .debug_frame   0x00000304       0x2c /usr/lib/gcc/arm-none-eabi/14.2.0/../../../../arm-none-eabi/lib/thumb/nofp/libc.a(libc_a-readr.o)
 .debug_frame   0x00000330       0x2c /usr/lib/gcc/arm-none-eabi/14.2.0/../../../../arm-none-eabi/lib/thumb/nofp/libc.a(libc_a-writer.o)
 .debug_frame   0x0000035c       0x2c /usr/lib/gcc/arm-none-eabi/14.2.0/../../../../arm-none-eabi/lib/thumb/nofp/libc.a(libc_a-init.o)
 .debug_frame   0x00000388       0x2c /usr/lib/gcc/arm-none-eabi/14.2.0/../../../../arm-none-eabi/lib/thumb/nofp/libc.a(libc_a-fini.o)
 .debug_frame   0x000003b4       0xb0 /usr/lib/gcc/arm-none-eabi/14.2.0/../../../../arm-none-eabi/lib/thumb/nofp/libc.a(libc_a-lock.o)
 .debug_frame   0x00000464       0x38 /usr/lib/gcc/arm-none-eabi/14.2.0/../../../../arm-none-eabi/lib/thumb/nofp/libc.a(libc_a-__atexit.o)
 .debug_frame   0x0000049c       0x54 /usr/lib/gcc/arm-none-eabi/14.2.0/../../../../arm-none-eabi/lib/thumb/nofp/libc.a(libc_a-__call_atexit.o)
 .debug_frame   0x000004f0       0x5c /usr/lib/gcc/arm-none-eabi/14.2.0/../../../../arm-none-eabi/lib/thumb/nofp/libc.a(libc_a-freer.o)
 .debug_frame   0x0000054c       0x3c /usr/lib/gcc/arm-none-eabi/14.2.0/../../../../arm-none-eabi/lib/thumb/nofp/libc.a(libc_a-mallocr.o)
 .debug_frame   0x00000588       0x40 /usr/lib/gcc/arm-none-eabi/14.2.0/../../../../arm-none-eabi/lib/thumb/nofp/libc.a(libc_a-mlock.o)
 .debug_frame   0x000005c8       0x44 /usr/lib/gcc/arm-none-eabi/14.2.0/../../../../arm-none-eabi/lib/thumb/nofp/libc.a(libc_a-fclose.o)
 .debug_frame   0x0000060c       0x6c /usr/lib/gcc/arm-none-eabi/14.2.0/../../../../arm-none-eabi/lib/thumb/nofp/libc.a(libc_a-fflush.o)
 .debug_frame   0x00000678       0x2c /usr/lib/gcc/arm-none-eabi/14.2.0/../../../../arm-none-eabi/lib/thumb/nofp/libc.a(libc_a-sbrkr.o)
 .debug_frame   0x000006a4       0x28 /usr/lib/gcc/arm-none-eabi/14.2.0/../../../../arm-none-eabi/lib/thumb/nofp/libc.a(libc_a-sysconf.o)
 .debug_frame   0x000006cc       0x20 /usr/lib/gcc/arm-none-eabi/14.2.0/../../../../arm-none-eabi/lib/thumb/nofp/libc.a(libc_a-errno.o)
 .debug_frame   0x000006ec       0x20 /usr/lib/gcc/arm-none-eabi/14.2.0/thumb/nofp/libgcc.a(_udivsi3.o)

.debug_str      0x00000000     0x13a0
 *(.debug_str)
 .debug_str     0x00000000     0x13a0 /usr/lib/gcc/arm-none-eabi/14.2.0/../../../../arm-none-eabi/lib/thumb/nofp/libc.a(libc_a-atexit.o)
                                0x1fc (size before relaxing)
 .debug_str     0x000013a0      0x1e5 /usr/lib/gcc/arm-none-eabi/14.2.0/../../../../arm-none-eabi/lib/thumb/nofp/libc.a(libc_a-exit.o)
 .debug_str     0x000013a0      0x76c /usr/lib/gcc/arm-none-eabi/14.2.0/../../../../arm-none-eabi/lib/thumb/nofp/libc.a(libc_a-findfp.o)
 .debug_str     0x000013a0      0x4f4 /usr/lib/gcc/arm-none-eabi/14.2.0/../../../../arm-none-eabi/lib/thumb/nofp/libc.a(libc_a-fwalk.o)
 .debug_str     0x000013a0      0x551 /usr/lib/gcc/arm-none-eabi/14.2.0/../../../../arm-none-eabi/lib/thumb/nofp/libc.a(libc_a-stdio.o)
 .debug_str     0x000013a0      0x1d3 /usr/lib/gcc/arm-none-eabi/14.2.0/../../../../arm-none-eabi/lib/thumb/nofp/libc.a(libc_a-memset.o)
 .debug_str     0x000013a0      0x4da /usr/lib/gcc/arm-none-eabi/14.2.0/../../../../arm-none-eabi/lib/thumb/nofp/libc.a(libc_a-closer.o)
 .debug_str     0x000013a0      0x503 /usr/lib/gcc/arm-none-eabi/14.2.0/../../../../arm-none-eabi/lib/thumb/nofp/libc.a(libc_a-reent.o)
 .debug_str     0x000013a0      0x4e9 /usr/lib/gcc/arm-none-eabi/14.2.0/../../../../arm-none-eabi/lib/thumb/nofp/libc.a(libc_a-impure.o)
 .debug_str     0x000013a0      0x4e8 /usr/lib/gcc/arm-none-eabi/14.2.0/../../../../arm-none-eabi/lib/thumb/nofp/libc.a(libc_a-lseekr.o)
 .debug_str     0x000013a0      0x4e8 /usr/lib/gcc/arm-none-eabi/14.2.0/../../../../arm-none-eabi/lib/thumb/nofp/libc.a(libc_a-readr.o)
 .debug_str     0x000013a0      0x4ea /usr/lib/gcc/arm-none-eabi/14.2.0/../../../../arm-none-eabi/lib/thumb/nofp/libc.a(libc_a-writer.o)
 .debug_str     0x000013a0      0x220 /usr/lib/gcc/arm-none-eabi/14.2.0/../../../../arm-none-eabi/lib/thumb/nofp/libc.a(libc_a-init.o)
 .debug_str     0x000013a0      0x1f6 /usr/lib/gcc/arm-none-eabi/14.2.0/../../../../arm-none-eabi/lib/thumb/nofp/libc.a(libc_a-fini.o)
 .debug_str     0x000013a0      0x356 /usr/lib/gcc/arm-none-eabi/14.2.0/../../../../arm-none-eabi/lib/thumb/nofp/libc.a(libc_a-lock.o)
 .debug_str     0x000013a0      0x2d3 /usr/lib/gcc/arm-none-eabi/14.2.0/../../../../arm-none-eabi/lib/thumb/nofp/libc.a(libc_a-__atexit.o)
 .debug_str     0x000013a0      0x2fc /usr/lib/gcc/arm-none-eabi/14.2.0/../../../../arm-none-eabi/lib/thumb/nofp/libc.a(libc_a-__call_atexit.o)
 .debug_str     0x000013a0      0x662 /usr/lib/gcc/arm-none-eabi/14.2.0/../../../../arm-none-eabi/lib/thumb/nofp/libc.a(libc_a-freer.o)
 .debug_str     0x000013a0      0x70c /usr/lib/gcc/arm-none-eabi/14.2.0/../../../../arm-none-eabi/lib/thumb/nofp/libc.a(libc_a-mallocr.o)
 .debug_str     0x000013a0      0x566 /usr/lib/gcc/arm-none-eabi/14.2.0/../../../../arm-none-eabi/lib/thumb/nofp/libc.a(libc_a-mlock.o)
 .debug_str     0x000013a0      0x5a7 /usr/lib/gcc/arm-none-eabi/14.2.0/../../../../arm-none-eabi/lib/thumb/nofp/libc.a(libc_a-fclose.o)
 .debug_str     0x000013a0      0x5af /usr/lib/gcc/arm-none-eabi/14.2.0/../../../../arm-none-eabi/lib/thumb/nofp/libc.a(libc_a-fflush.o)
 .debug_str     0x000013a0      0x4ed /usr/lib/gcc/arm-none-eabi/14.2.0/../../../../arm-none-eabi/lib/thumb/nofp/libc.a(libc_a-sbrkr.o)
 .debug_str     0x000013a0      0x1c8 /usr/lib/gcc/arm-none-eabi/14.2.0/../../../../arm-none-eabi/lib/thumb/nofp/libc.a(libc_a-sysconf.o)
 .debug_str     0x000013a0      0x4de /usr/lib/gcc/arm-none-eabi/14.2.0/../../../../arm-none-eabi/lib/thumb/nofp/libc.a(libc_a-errno.o)
 .debug_str     0x000013a0       0xb4 /usr/lib/gcc/arm-none-eabi/14.2.0/thumb/nofp/libgcc.a(_udivsi3.o)
 .debug_str     0x000013a0       0xb5 /usr/lib/gcc/arm-none-eabi/14.2.0/thumb/nofp/libgcc.a(_dvmd_tls.o)

.debug_loc
 *(.debug_loc)

.debug_macinfo
 *(.debug_macinfo)

.debug_weaknames
 *(.debug_weaknames)

.debug_funcnames
 *(.debug_funcnames)
                [!provide]                        PROVIDE (SIO = 0xd0000000)
                0x40014000                        PROVIDE (IO_BANK0 = 0x40014000)
                0x4000c000                        PROVIDE (RESETS = 0x4000c000)
                [!provide]                        PROVIDE (PADS_BANK0 = 0x4001c000)
                0x40034000                        PROVIDE (UART0 = 0x40034000)
                [!provide]                        PROVIDE (UART1 = 0x40038000)
                0x40008000                        PROVIDE (CLOCKS = 0x40008000)
                0x40024000                        PROVIDE (XOSC = 0x40024000)
                0x40028000                        PROVIDE (PLL_SYS = 0x40028000)
                [!provide]                        PROVIDE (SPI0 = 0x4003c000)
                [!provide]                        PROVIDE (SPI1 = 0x40040000)
                0x50200000                        PROVIDE (PIO0 = 0x50200000)
                [!provide]                        PROVIDE (PIO1 = 0x50300000)
                0xe0000000                        PROVIDE (PPB_BASE = 0xe0000000)
                [!provide]                        PROVIDE (NVIC_ISER = (PPB_BASE + 0xe100))
                [!provide]                        PROVIDE (NVIC_ICER = (PPB_BASE + 0xe180))
                0xe000e200                        PROVIDE (NVIC_ISPR = (PPB_BASE + 0xe200))
                [!provide]                        PROVIDE (NVIC_ICPR = (PPB_BASE + 0xe280))
                [!provide]                        PROVIDE (NVIC_IPR = (PPB_BASE + 0xe400))
                0xe000ed90                        PROVIDE (MPU = (PPB_BASE + 0xed90))
                0xe000e010                        PROVIDE (SYSTICK = (PPB_BASE + 0xe010))
                0xe000ed00                        PROVIDE (SYSCTRL = (PPB_BASE + 0xed00))
LOAD asm_core/asm_vectors.o
LOAD asm_core/bl2.o
LOAD asm_core/exec.o
LOAD asm_core/mpu_ctrl.o
LOAD asm_core/sched_helper.o
LOAD asm_core/startup.o
LOAD asm_core/syscall.o
LOAD lib/flog2.o
LOAD lib/stacks.o
LOAD svcalls/svc_button.o
LOAD svcalls/svc_getpid.o
LOAD svcalls/svc_nil.o
LOAD svcalls/svc_read.o
LOAD svcalls/svc_set_led.o
LOAD svcalls/svc_set_ring.o
LOAD svcalls/svc_write.o
LOAD periph/gpio.o
LOAD periph/llinit.o
LOAD periph/mpu.o
LOAD periph/pio-handler.o
LOAD periph/systick.o
LOAD periph/uart.o
LOAD periph/vect_priority.o
LOAD lib/kmem.o
LOAD lib/printk.o
LOAD kernel/kmain.o
LOAD kernel/sched.o
LOAD kernel/task.o
START GROUP
LOAD /usr/lib/gcc/arm-none-eabi/14.2.0/thumb/nofp/libgcc.a
LOAD /usr/lib/gcc/arm-none-eabi/14.2.0/../../../../arm-none-eabi/lib/thumb/nofp/libc.a
END GROUP
LOAD /usr/lib/gcc/arm-none-eabi/14.2.0/thumb/nofp/crtend.o
LOAD /usr/lib/gcc/arm-none-eabi/14.2.0/thumb/nofp/crtn.o
OUTPUT(kernel.elf elf32-littlearm)
LOAD linker stubs

.debug_line_str
                0x00000000      0x115
 .debug_line_str
                0x00000000      0x115 /usr/lib/gcc/arm-none-eabi/14.2.0/../../../../arm-none-eabi/lib/thumb/nofp/crt0.o
                                 0x88 (size before relaxing)
 .debug_line_str
                0x00000115       0x8d /usr/lib/gcc/arm-none-eabi/14.2.0/thumb/nofp/libgcc.a(_udivsi3.o)
 .debug_line_str
                0x00000115       0x8d /usr/lib/gcc/arm-none-eabi/14.2.0/thumb/nofp/libgcc.a(_dvmd_tls.o)

.debug_loclists
                0x00000000     0x2446
 .debug_loclists
                0x00000000       0x30 /usr/lib/gcc/arm-none-eabi/14.2.0/../../../../arm-none-eabi/lib/thumb/nofp/libc.a(libc_a-atexit.o)
 .debug_loclists
                0x00000030       0x20 /usr/lib/gcc/arm-none-eabi/14.2.0/../../../../arm-none-eabi/lib/thumb/nofp/libc.a(libc_a-exit.o)
 .debug_loclists
                0x00000050      0x318 /usr/lib/gcc/arm-none-eabi/14.2.0/../../../../arm-none-eabi/lib/thumb/nofp/libc.a(libc_a-findfp.o)
 .debug_loclists
                0x00000368       0xbc /usr/lib/gcc/arm-none-eabi/14.2.0/../../../../arm-none-eabi/lib/thumb/nofp/libc.a(libc_a-fwalk.o)
 .debug_loclists
                0x00000424      0x2e0 /usr/lib/gcc/arm-none-eabi/14.2.0/../../../../arm-none-eabi/lib/thumb/nofp/libc.a(libc_a-stdio.o)
 .debug_loclists
                0x00000704      0x20e /usr/lib/gcc/arm-none-eabi/14.2.0/../../../../arm-none-eabi/lib/thumb/nofp/libc.a(libc_a-memset.o)
 .debug_loclists
                0x00000912       0x5f /usr/lib/gcc/arm-none-eabi/14.2.0/../../../../arm-none-eabi/lib/thumb/nofp/libc.a(libc_a-closer.o)
 .debug_loclists
                0x00000971       0x6e /usr/lib/gcc/arm-none-eabi/14.2.0/../../../../arm-none-eabi/lib/thumb/nofp/libc.a(libc_a-reent.o)
 .debug_loclists
                0x000009df       0xae /usr/lib/gcc/arm-none-eabi/14.2.0/../../../../arm-none-eabi/lib/thumb/nofp/libc.a(libc_a-lseekr.o)
 .debug_loclists
                0x00000a8d       0xae /usr/lib/gcc/arm-none-eabi/14.2.0/../../../../arm-none-eabi/lib/thumb/nofp/libc.a(libc_a-readr.o)
 .debug_loclists
                0x00000b3b       0xae /usr/lib/gcc/arm-none-eabi/14.2.0/../../../../arm-none-eabi/lib/thumb/nofp/libc.a(libc_a-writer.o)
 .debug_loclists
                0x00000be9       0x64 /usr/lib/gcc/arm-none-eabi/14.2.0/../../../../arm-none-eabi/lib/thumb/nofp/libc.a(libc_a-init.o)
 .debug_loclists
                0x00000c4d       0x34 /usr/lib/gcc/arm-none-eabi/14.2.0/../../../../arm-none-eabi/lib/thumb/nofp/libc.a(libc_a-fini.o)
 .debug_loclists
                0x00000c81       0x29 /usr/lib/gcc/arm-none-eabi/14.2.0/../../../../arm-none-eabi/lib/thumb/nofp/libc.a(libc_a-lock.o)
 .debug_loclists
                0x00000caa      0x124 /usr/lib/gcc/arm-none-eabi/14.2.0/../../../../arm-none-eabi/lib/thumb/nofp/libc.a(libc_a-__atexit.o)
 .debug_loclists
                0x00000dce      0x158 /usr/lib/gcc/arm-none-eabi/14.2.0/../../../../arm-none-eabi/lib/thumb/nofp/libc.a(libc_a-__call_atexit.o)
 .debug_loclists
                0x00000f26      0x3c6 /usr/lib/gcc/arm-none-eabi/14.2.0/../../../../arm-none-eabi/lib/thumb/nofp/libc.a(libc_a-freer.o)
 .debug_loclists
                0x000012ec      0xc52 /usr/lib/gcc/arm-none-eabi/14.2.0/../../../../arm-none-eabi/lib/thumb/nofp/libc.a(libc_a-mallocr.o)
 .debug_loclists
                0x00001f3e       0x46 /usr/lib/gcc/arm-none-eabi/14.2.0/../../../../arm-none-eabi/lib/thumb/nofp/libc.a(libc_a-mlock.o)
 .debug_loclists
                0x00001f84      0x10f /usr/lib/gcc/arm-none-eabi/14.2.0/../../../../arm-none-eabi/lib/thumb/nofp/libc.a(libc_a-fclose.o)
 .debug_loclists
                0x00002093      0x314 /usr/lib/gcc/arm-none-eabi/14.2.0/../../../../arm-none-eabi/lib/thumb/nofp/libc.a(libc_a-fflush.o)
 .debug_loclists
                0x000023a7       0x5f /usr/lib/gcc/arm-none-eabi/14.2.0/../../../../arm-none-eabi/lib/thumb/nofp/libc.a(libc_a-sbrkr.o)
 .debug_loclists
                0x00002406       0x40 /usr/lib/gcc/arm-none-eabi/14.2.0/../../../../arm-none-eabi/lib/thumb/nofp/libc.a(libc_a-sysconf.o)

.debug_rnglists
                0x00000000      0x3a6
 .debug_rnglists
                0x00000000       0x13 /usr/lib/gcc/arm-none-eabi/14.2.0/../../../../arm-none-eabi/lib/thumb/nofp/libc.a(libc_a-atexit.o)
 .debug_rnglists
                0x00000013       0x13 /usr/lib/gcc/arm-none-eabi/14.2.0/../../../../arm-none-eabi/lib/thumb/nofp/libc.a(libc_a-exit.o)
 .debug_rnglists
                0x00000026       0xcb /usr/lib/gcc/arm-none-eabi/14.2.0/../../../../arm-none-eabi/lib/thumb/nofp/libc.a(libc_a-findfp.o)
 .debug_rnglists
                0x000000f1       0x13 /usr/lib/gcc/arm-none-eabi/14.2.0/../../../../arm-none-eabi/lib/thumb/nofp/libc.a(libc_a-fwalk.o)
 .debug_rnglists
                0x00000104       0x2b /usr/lib/gcc/arm-none-eabi/14.2.0/../../../../arm-none-eabi/lib/thumb/nofp/libc.a(libc_a-stdio.o)
 .debug_rnglists
                0x0000012f       0x14 /usr/lib/gcc/arm-none-eabi/14.2.0/../../../../arm-none-eabi/lib/thumb/nofp/libc.a(libc_a-memset.o)
 .debug_rnglists
                0x00000143       0x13 /usr/lib/gcc/arm-none-eabi/14.2.0/../../../../arm-none-eabi/lib/thumb/nofp/libc.a(libc_a-closer.o)
 .debug_rnglists
                0x00000156       0x13 /usr/lib/gcc/arm-none-eabi/14.2.0/../../../../arm-none-eabi/lib/thumb/nofp/libc.a(libc_a-reent.o)
 .debug_rnglists
                0x00000169       0x13 /usr/lib/gcc/arm-none-eabi/14.2.0/../../../../arm-none-eabi/lib/thumb/nofp/libc.a(libc_a-lseekr.o)
 .debug_rnglists
                0x0000017c       0x13 /usr/lib/gcc/arm-none-eabi/14.2.0/../../../../arm-none-eabi/lib/thumb/nofp/libc.a(libc_a-readr.o)
 .debug_rnglists
                0x0000018f       0x13 /usr/lib/gcc/arm-none-eabi/14.2.0/../../../../arm-none-eabi/lib/thumb/nofp/libc.a(libc_a-writer.o)
 .debug_rnglists
                0x000001a2       0x13 /usr/lib/gcc/arm-none-eabi/14.2.0/../../../../arm-none-eabi/lib/thumb/nofp/libc.a(libc_a-init.o)
 .debug_rnglists
                0x000001b5       0x13 /usr/lib/gcc/arm-none-eabi/14.2.0/../../../../arm-none-eabi/lib/thumb/nofp/libc.a(libc_a-fini.o)
 .debug_rnglists
                0x000001c8       0x49 /usr/lib/gcc/arm-none-eabi/14.2.0/../../../../arm-none-eabi/lib/thumb/nofp/libc.a(libc_a-lock.o)
 .debug_rnglists
                0x00000211       0x14 /usr/lib/gcc/arm-none-eabi/14.2.0/../../../../arm-none-eabi/lib/thumb/nofp/libc.a(libc_a-__atexit.o)
 .debug_rnglists
                0x00000225       0x41 /usr/lib/gcc/arm-none-eabi/14.2.0/../../../../arm-none-eabi/lib/thumb/nofp/libc.a(libc_a-__call_atexit.o)
 .debug_rnglists
                0x00000266       0x1b /usr/lib/gcc/arm-none-eabi/14.2.0/../../../../arm-none-eabi/lib/thumb/nofp/libc.a(libc_a-freer.o)
 .debug_rnglists
                0x00000281       0x3c /usr/lib/gcc/arm-none-eabi/14.2.0/../../../../arm-none-eabi/lib/thumb/nofp/libc.a(libc_a-mallocr.o)
 .debug_rnglists
                0x000002bd       0x19 /usr/lib/gcc/arm-none-eabi/14.2.0/../../../../arm-none-eabi/lib/thumb/nofp/libc.a(libc_a-mlock.o)
 .debug_rnglists
                0x000002d6       0x28 /usr/lib/gcc/arm-none-eabi/14.2.0/../../../../arm-none-eabi/lib/thumb/nofp/libc.a(libc_a-fclose.o)
 .debug_rnglists
                0x000002fe       0x6f /usr/lib/gcc/arm-none-eabi/14.2.0/../../../../arm-none-eabi/lib/thumb/nofp/libc.a(libc_a-fflush.o)
 .debug_rnglists
                0x0000036d       0x13 /usr/lib/gcc/arm-none-eabi/14.2.0/../../../../arm-none-eabi/lib/thumb/nofp/libc.a(libc_a-sbrkr.o)
 .debug_rnglists
                0x00000380       0x13 /usr/lib/gcc/arm-none-eabi/14.2.0/../../../../arm-none-eabi/lib/thumb/nofp/libc.a(libc_a-sysconf.o)
 .debug_rnglists
                0x00000393       0x13 /usr/lib/gcc/arm-none-eabi/14.2.0/../../../../arm-none-eabi/lib/thumb/nofp/libc.a(libc_a-errno.o)